Archive member included to satisfy reference by file (symbol)

c:/st/stm32cubeide_1.12.1/stm32cubeide/plugins/com.st.stm32cube.ide.mcu.externaltools.gnu-tools-for-stm32.10.3-2021.10.win32_1.0.200.202301161003/tools/bin/../lib/gcc/arm-none-eabi/10.3.1/../../../../arm-none-eabi/lib/thumb/v7e-m+fp/hard\libc_nano.a(lib_a-errno.o)
                              ./Core/Src/syscalls.o (__errno)
c:/st/stm32cubeide_1.12.1/stm32cubeide/plugins/com.st.stm32cube.ide.mcu.externaltools.gnu-tools-for-stm32.10.3-2021.10.win32_1.0.200.202301161003/tools/bin/../lib/gcc/arm-none-eabi/10.3.1/../../../../arm-none-eabi/lib/thumb/v7e-m+fp/hard\libc_nano.a(lib_a-exit.o)
                              c:/st/stm32cubeide_1.12.1/stm32cubeide/plugins/com.st.stm32cube.ide.mcu.externaltools.gnu-tools-for-stm32.10.3-2021.10.win32_1.0.200.202301161003/tools/bin/../lib/gcc/arm-none-eabi/10.3.1/../../../../arm-none-eabi/lib/thumb/v7e-m+fp/hard/crt0.o (exit)
c:/st/stm32cubeide_1.12.1/stm32cubeide/plugins/com.st.stm32cube.ide.mcu.externaltools.gnu-tools-for-stm32.10.3-2021.10.win32_1.0.200.202301161003/tools/bin/../lib/gcc/arm-none-eabi/10.3.1/../../../../arm-none-eabi/lib/thumb/v7e-m+fp/hard\libc_nano.a(lib_a-impure.o)
                              c:/st/stm32cubeide_1.12.1/stm32cubeide/plugins/com.st.stm32cube.ide.mcu.externaltools.gnu-tools-for-stm32.10.3-2021.10.win32_1.0.200.202301161003/tools/bin/../lib/gcc/arm-none-eabi/10.3.1/../../../../arm-none-eabi/lib/thumb/v7e-m+fp/hard\libc_nano.a(lib_a-exit.o) (_global_impure_ptr)
c:/st/stm32cubeide_1.12.1/stm32cubeide/plugins/com.st.stm32cube.ide.mcu.externaltools.gnu-tools-for-stm32.10.3-2021.10.win32_1.0.200.202301161003/tools/bin/../lib/gcc/arm-none-eabi/10.3.1/../../../../arm-none-eabi/lib/thumb/v7e-m+fp/hard\libc_nano.a(lib_a-init.o)
                              c:/st/stm32cubeide_1.12.1/stm32cubeide/plugins/com.st.stm32cube.ide.mcu.externaltools.gnu-tools-for-stm32.10.3-2021.10.win32_1.0.200.202301161003/tools/bin/../lib/gcc/arm-none-eabi/10.3.1/../../../../arm-none-eabi/lib/thumb/v7e-m+fp/hard/crt0.o (__libc_init_array)
c:/st/stm32cubeide_1.12.1/stm32cubeide/plugins/com.st.stm32cube.ide.mcu.externaltools.gnu-tools-for-stm32.10.3-2021.10.win32_1.0.200.202301161003/tools/bin/../lib/gcc/arm-none-eabi/10.3.1/../../../../arm-none-eabi/lib/thumb/v7e-m+fp/hard\libc_nano.a(lib_a-memset.o)
                              c:/st/stm32cubeide_1.12.1/stm32cubeide/plugins/com.st.stm32cube.ide.mcu.externaltools.gnu-tools-for-stm32.10.3-2021.10.win32_1.0.200.202301161003/tools/bin/../lib/gcc/arm-none-eabi/10.3.1/../../../../arm-none-eabi/lib/thumb/v7e-m+fp/hard/crt0.o (memset)
c:/st/stm32cubeide_1.12.1/stm32cubeide/plugins/com.st.stm32cube.ide.mcu.externaltools.gnu-tools-for-stm32.10.3-2021.10.win32_1.0.200.202301161003/tools/bin/../lib/gcc/arm-none-eabi/10.3.1/thumb/v7e-m+fp/hard\libgcc.a(_aeabi_uldivmod.o)
                              ./Drivers/STM32F4xx_HAL_Driver/Src/stm32f4xx_hal_rcc.o (__aeabi_uldivmod)
c:/st/stm32cubeide_1.12.1/stm32cubeide/plugins/com.st.stm32cube.ide.mcu.externaltools.gnu-tools-for-stm32.10.3-2021.10.win32_1.0.200.202301161003/tools/bin/../lib/gcc/arm-none-eabi/10.3.1/thumb/v7e-m+fp/hard\libgcc.a(_udivmoddi4.o)
                              c:/st/stm32cubeide_1.12.1/stm32cubeide/plugins/com.st.stm32cube.ide.mcu.externaltools.gnu-tools-for-stm32.10.3-2021.10.win32_1.0.200.202301161003/tools/bin/../lib/gcc/arm-none-eabi/10.3.1/thumb/v7e-m+fp/hard\libgcc.a(_aeabi_uldivmod.o) (__udivmoddi4)
c:/st/stm32cubeide_1.12.1/stm32cubeide/plugins/com.st.stm32cube.ide.mcu.externaltools.gnu-tools-for-stm32.10.3-2021.10.win32_1.0.200.202301161003/tools/bin/../lib/gcc/arm-none-eabi/10.3.1/thumb/v7e-m+fp/hard\libgcc.a(_dvmd_tls.o)
                              c:/st/stm32cubeide_1.12.1/stm32cubeide/plugins/com.st.stm32cube.ide.mcu.externaltools.gnu-tools-for-stm32.10.3-2021.10.win32_1.0.200.202301161003/tools/bin/../lib/gcc/arm-none-eabi/10.3.1/thumb/v7e-m+fp/hard\libgcc.a(_aeabi_uldivmod.o) (__aeabi_ldiv0)

Discarded input sections

 .text          0x0000000000000000        0x0 c:/st/stm32cubeide_1.12.1/stm32cubeide/plugins/com.st.stm32cube.ide.mcu.externaltools.gnu-tools-for-stm32.10.3-2021.10.win32_1.0.200.202301161003/tools/bin/../lib/gcc/arm-none-eabi/10.3.1/thumb/v7e-m+fp/hard/crti.o
 .data          0x0000000000000000        0x0 c:/st/stm32cubeide_1.12.1/stm32cubeide/plugins/com.st.stm32cube.ide.mcu.externaltools.gnu-tools-for-stm32.10.3-2021.10.win32_1.0.200.202301161003/tools/bin/../lib/gcc/arm-none-eabi/10.3.1/thumb/v7e-m+fp/hard/crti.o
 .bss           0x0000000000000000        0x0 c:/st/stm32cubeide_1.12.1/stm32cubeide/plugins/com.st.stm32cube.ide.mcu.externaltools.gnu-tools-for-stm32.10.3-2021.10.win32_1.0.200.202301161003/tools/bin/../lib/gcc/arm-none-eabi/10.3.1/thumb/v7e-m+fp/hard/crti.o
[...]
Memory Configuration

Name             Origin             Length             Attributes
CCMRAM           0x0000000010000000 0x0000000000010000 xrw
RAM              0x0000000020000000 0x0000000000020000 xrw
FLASH            0x0000000008000000 0x0000000000080000 xr
*default*        0x0000000000000000 0xffffffffffffffff

Linker script and memory map

LOAD c:/st/stm32cubeide_1.12.1/stm32cubeide/plugins/com.st.stm32cube.ide.mcu.externaltools.gnu-tools-for-stm32.10.3-2021.10.win32_1.0.200.202301161003/tools/bin/../lib/gcc/arm-none-eabi/10.3.1/thumb/v7e-m+fp/hard/crti.o
LOAD c:/st/stm32cubeide_1.12.1/stm32cubeide/plugins/com.st.stm32cube.ide.mcu.externaltools.gnu-tools-for-stm32.10.3-2021.10.win32_1.0.200.202301161003/tools/bin/../lib/gcc/arm-none-eabi/10.3.1/thumb/v7e-m+fp/hard/crtbegin.o
LOAD c:/st/stm32cubeide_1.12.1/stm32cubeide/plugins/com.st.stm32cube.ide.mcu.externaltools.gnu-tools-for-stm32.10.3-2021.10.win32_1.0.200.202301161003/tools/bin/../lib/gcc/arm-none-eabi/10.3.1/../../../../arm-none-eabi/lib/thumb/v7e-m+fp/hard/crt0.o
LOAD ./Core/Src/NRF24L01.o
LOAD ./Core/Src/main.o
LOAD ./Core/Src/stm32f4xx_hal_msp.o
LOAD ./Core/Src/stm32f4xx_it.o
LOAD ./Core/Src/syscalls.o
LOAD ./Core/Src/sysmem.o
LOAD ./Core/Src/system_stm32f4xx.o
LOAD ./Core/Startup/startup_stm32f407vetx.o
LOAD ./Drivers/STM32F4xx_HAL_Driver/Src/stm32f4xx_hal.o
LOAD ./Drivers/STM32F4xx_HAL_Driver/Src/stm32f4xx_hal_cortex.o
LOAD ./Drivers/STM32F4xx_HAL_Driver/Src/stm32f4xx_hal_dma.o
LOAD ./Drivers/STM32F4xx_HAL_Driver/Src/stm32f4xx_hal_dma_ex.o
LOAD ./Drivers/STM32F4xx_HAL_Driver/Src/stm32f4xx_hal_exti.o
LOAD ./Drivers/STM32F4xx_HAL_Driver/Src/stm32f4xx_hal_flash.o
LOAD ./Drivers/STM32F4xx_HAL_Driver/Src/stm32f4xx_hal_flash_ex.o
LOAD ./Drivers/STM32F4xx_HAL_Driver/Src/stm32f4xx_hal_flash_ramfunc.o
LOAD ./Drivers/STM32F4xx_HAL_Driver/Src/stm32f4xx_hal_gpio.o
LOAD ./Drivers/STM32F4xx_HAL_Driver/Src/stm32f4xx_hal_pwr.o
LOAD ./Drivers/STM32F4xx_HAL_Driver/Src/stm32f4xx_hal_pwr_ex.o
LOAD ./Drivers/STM32F4xx_HAL_Driver/Src/stm32f4xx_hal_rcc.o
LOAD ./Drivers/STM32F4xx_HAL_Driver/Src/stm32f4xx_hal_rcc_ex.o
LOAD ./Drivers/STM32F4xx_HAL_Driver/Src/stm32f4xx_hal_sd.o
LOAD ./Drivers/STM32F4xx_HAL_Driver/Src/stm32f4xx_hal_spi.o
LOAD ./Drivers/STM32F4xx_HAL_Driver/Src/stm32f4xx_hal_uart.o
LOAD ./Drivers/STM32F4xx_HAL_Driver/Src/stm32f4xx_ll_sdmmc.o
LOAD ./FATFS/App/fatfs.o
LOAD ./FATFS/Target/bsp_driver_sd.o
LOAD ./FATFS/Target/fatfs_platform.o
LOAD ./FATFS/Target/sd_diskio.o
LOAD ./Middlewares/Third_Party/FatFs/src/diskio.o
LOAD ./Middlewares/Third_Party/FatFs/src/ff.o
LOAD ./Middlewares/Third_Party/FatFs/src/ff_gen_drv.o
LOAD ./Middlewares/Third_Party/FatFs/src/option/syscall.o
START GROUP
LOAD c:/st/stm32cubeide_1.12.1/stm32cubeide/plugins/com.st.stm32cube.ide.mcu.externaltools.gnu-tools-for-stm32.10.3-2021.10.win32_1.0.200.202301161003/tools/bin/../lib/gcc/arm-none-eabi/10.3.1/../../../../arm-none-eabi/lib/thumb/v7e-m+fp/hard\libc_nano.a
LOAD c:/st/stm32cubeide_1.12.1/stm32cubeide/plugins/com.st.stm32cube.ide.mcu.externaltools.gnu-tools-for-stm32.10.3-2021.10.win32_1.0.200.202301161003/tools/bin/../lib/gcc/arm-none-eabi/10.3.1/../../../../arm-none-eabi/lib/thumb/v7e-m+fp/hard\libm.a
END GROUP
START GROUP
LOAD c:/st/stm32cubeide_1.12.1/stm32cubeide/plugins/com.st.stm32cube.ide.mcu.externaltools.gnu-tools-for-stm32.10.3-2021.10.win32_1.0.200.202301161003/tools/bin/../lib/gcc/arm-none-eabi/10.3.1/thumb/v7e-m+fp/hard\libgcc.a
LOAD c:/st/stm32cubeide_1.12.1/stm32cubeide/plugins/com.st.stm32cube.ide.mcu.externaltools.gnu-tools-for-stm32.10.3-2021.10.win32_1.0.200.202301161003/tools/bin/../lib/gcc/arm-none-eabi/10.3.1/../../../../arm-none-eabi/lib/thumb/v7e-m+fp/hard\libc_nano.a
END GROUP
START GROUP
LOAD c:/st/stm32cubeide_1.12.1/stm32cubeide/plugins/com.st.stm32cube.ide.mcu.externaltools.gnu-tools-for-stm32.10.3-2021.10.win32_1.0.200.202301161003/tools/bin/../lib/gcc/arm-none-eabi/10.3.1/thumb/v7e-m+fp/hard\libgcc.a
LOAD c:/st/stm32cubeide_1.12.1/stm32cubeide/plugins/com.st.stm32cube.ide.mcu.externaltools.gnu-tools-for-stm32.10.3-2021.10.win32_1.0.200.202301161003/tools/bin/../lib/gcc/arm-none-eabi/10.3.1/../../../../arm-none-eabi/lib/thumb/v7e-m+fp/hard\libc_nano.a
LOAD c:/st/stm32cubeide_1.12.1/stm32cubeide/plugins/com.st.stm32cube.ide.mcu.externaltools.gnu-tools-for-stm32.10.3-2021.10.win32_1.0.200.202301161003/tools/bin/../lib/gcc/arm-none-eabi/10.3.1/../../../../arm-none-eabi/lib/thumb/v7e-m+fp/hard\libnosys.a
END GROUP
START GROUP
LOAD c:/st/stm32cubeide_1.12.1/stm32cubeide/plugins/com.st.stm32cube.ide.mcu.externaltools.gnu-tools-for-stm32.10.3-2021.10.win32_1.0.200.202301161003/tools/bin/../lib/gcc/arm-none-eabi/10.3.1/thumb/v7e-m+fp/hard\libgcc.a
LOAD c:/st/stm32cubeide_1.12.1/stm32cubeide/plugins/com.st.stm32cube.ide.mcu.externaltools.gnu-tools-for-stm32.10.3-2021.10.win32_1.0.200.202301161003/tools/bin/../lib/gcc/arm-none-eabi/10.3.1/../../../../arm-none-eabi/lib/thumb/v7e-m+fp/hard\libc_nano.a
LOAD c:/st/stm32cubeide_1.12.1/stm32cubeide/plugins/com.st.stm32cube.ide.mcu.externaltools.gnu-tools-for-stm32.10.3-2021.10.win32_1.0.200.202301161003/tools/bin/../lib/gcc/arm-none-eabi/10.3.1/../../../../arm-none-eabi/lib/thumb/v7e-m+fp/hard\libnosys.a
END GROUP
LOAD c:/st/stm32cubeide_1.12.1/stm32cubeide/plugins/com.st.stm32cube.ide.mcu.externaltools.gnu-tools-for-stm32.10.3-2021.10.win32_1.0.200.202301161003/tools/bin/../lib/gcc/arm-none-eabi/10.3.1/thumb/v7e-m+fp/hard/crtend.o
LOAD c:/st/stm32cubeide_1.12.1/stm32cubeide/plugins/com.st.stm32cube.ide.mcu.externaltools.gnu-tools-for-stm32.10.3-2021.10.win32_1.0.200.202301161003/tools/bin/../lib/gcc/arm-none-eabi/10.3.1/thumb/v7e-m+fp/hard/crtn.o
                0x0000000020020000                _estack = (ORIGIN (RAM) + LENGTH (RAM))
                0x0000000000002000                _Min_Heap_Size = 0x2000
                0x0000000000004000                _Min_Stack_Size = 0x4000

.isr_vector     0x0000000008000000      0x188
                0x0000000008000000                . = ALIGN (0x4)
 *(.isr_vector)
 .isr_vector    0x0000000008000000      0x188 ./Core/Startup/startup_stm32f407vetx.o
                0x0000000008000000                g_pfnVectors
                0x0000000008000188                . = ALIGN (0x4)

.text           0x0000000008000188     0x7cb8
                0x0000000008000188                . = ALIGN (0x4)
 *(.text)
 .text          0x0000000008000188       0x40 c:/st/stm32cubeide_1.12.1/stm32cubeide/plugins/com.st.stm32cube.ide.mcu.externaltools.gnu-tools-for-stm32.10.3-2021.10.win32_1.0.200.202301161003/tools/bin/../lib/gcc/arm-none-eabi/10.3.1/thumb/v7e-m+fp/hard/crtbegin.o
 .text          0x00000000080001c8       0x30 c:/st/stm32cubeide_1.12.1/stm32cubeide/plugins/com.st.stm32cube.ide.mcu.externaltools.gnu-tools-for-stm32.10.3-2021.10.win32_1.0.200.202301161003/tools/bin/../lib/gcc/arm-none-eabi/10.3.1/thumb/v7e-m+fp/hard\libgcc.a(_aeabi_uldivmod.o)
                0x00000000080001c8                __aeabi_uldivmod
 .text          0x00000000080001f8      0x2d0 c:/st/stm32cubeide_1.12.1/stm32cubeide/plugins/com.st.stm32cube.ide.mcu.externaltools.gnu-tools-for-stm32.10.3-2021.10.win32_1.0.200.202301161003/tools/bin/../lib/gcc/arm-none-eabi/10.3.1/thumb/v7e-m+fp/hard\libgcc.a(_udivmoddi4.o)
                0x00000000080001f8                __udivmoddi4
 .text          0x00000000080004c8        0x4 c:/st/stm32cubeide_1.12.1/stm32cubeide/plugins/com.st.stm32cube.ide.mcu.externaltools.gnu-tools-for-stm32.10.3-2021.10.win32_1.0.200.202301161003/tools/bin/../lib/gcc/arm-none-eabi/10.3.1/thumb/v7e-m+fp/hard\libgcc.a(_dvmd_tls.o)
                0x00000000080004c8                __aeabi_idiv0
                0x00000000080004c8                __aeabi_ldiv0
 *(.text*)
 .text.CS_Select
                0x00000000080004cc       0x18 ./Core/Src/NRF24L01.o
                0x00000000080004cc                CS_Select
 .text.CS_UnSelect
                0x00000000080004e4       0x18 ./Core/Src/NRF24L01.o
                0x00000000080004e4                CS_UnSelect
 .text.CE_Enable
                0x00000000080004fc       0x18 ./Core/Src/NRF24L01.o
                0x00000000080004fc                CE_Enable
 .text.CE_Disable
                0x0000000008000514       0x18 ./Core/Src/NRF24L01.o
                0x0000000008000514                CE_Disable
 .text.nrf24_WriteReg
                0x000000000800052c       0x44 ./Core/Src/NRF24L01.o
                0x000000000800052c                nrf24_WriteReg
 .text.nrf24_WriteRegMulti
                0x0000000008000570       0x4c ./Core/Src/NRF24L01.o
                0x0000000008000570                nrf24_WriteRegMulti
 .text.nrf24_ReadReg
                0x00000000080005bc       0x40 ./Core/Src/NRF24L01.o
                0x00000000080005bc                nrf24_ReadReg
 .text.nrfsendCmd
                0x00000000080005fc       0x2c ./Core/Src/NRF24L01.o
                0x00000000080005fc                nrfsendCmd
 .text.nrf24_reset
                0x0000000008000628      0x14c ./Core/Src/NRF24L01.o
                0x0000000008000628                nrf24_reset
 .text.NRF24_Init
                0x0000000008000774       0x4e ./Core/Src/NRF24L01.o
                0x0000000008000774                NRF24_Init
 .text.NRF24_TxMode
                0x00000000080007c2       0x4c ./Core/Src/NRF24L01.o
                0x00000000080007c2                NRF24_TxMode
 *fill*         0x000000000800080e        0x2 
 .text.NRF24_Transmit
                0x0000000008000810       0x7c ./Core/Src/NRF24L01.o
                0x0000000008000810                NRF24_Transmit
 .text.main     0x000000000800088c      0x1e4 ./Core/Src/main.o
                0x000000000800088c                main
 .text.SystemClock_Config
                0x0000000008000a70       0xd4 ./Core/Src/main.o
                0x0000000008000a70                SystemClock_Config
 .text.MX_SDIO_SD_Init
                0x0000000008000b44       0x40 ./Core/Src/main.o
 .text.MX_SPI1_Init
                0x0000000008000b84       0x6c ./Core/Src/main.o
 .text.MX_USART1_UART_Init
                0x0000000008000bf0       0x54 ./Core/Src/main.o
 .text.MX_GPIO_Init
                0x0000000008000c44       0xf8 ./Core/Src/main.o
 .text.Error_Handler
                0x0000000008000d3c        0xa ./Core/Src/main.o
                0x0000000008000d3c                Error_Handler
 *fill*         0x0000000008000d46        0x2 
 .text.HAL_MspInit
                0x0000000008000d48       0x50 ./Core/Src/stm32f4xx_hal_msp.o
                0x0000000008000d48                HAL_MspInit
 .text.HAL_SD_MspInit
                0x0000000008000d98       0xd0 ./Core/Src/stm32f4xx_hal_msp.o
                0x0000000008000d98                HAL_SD_MspInit
 .text.HAL_SPI_MspInit
                0x0000000008000e68       0x90 ./Core/Src/stm32f4xx_hal_msp.o
                0x0000000008000e68                HAL_SPI_MspInit
 .text.HAL_UART_MspInit
                0x0000000008000ef8       0xa0 ./Core/Src/stm32f4xx_hal_msp.o
                0x0000000008000ef8                HAL_UART_MspInit
 .text.NMI_Handler
                0x0000000008000f98        0x6 ./Core/Src/stm32f4xx_it.o
                0x0000000008000f98                NMI_Handler
 .text.HardFault_Handler
                0x0000000008000f9e        0x6 ./Core/Src/stm32f4xx_it.o
                0x0000000008000f9e                HardFault_Handler
 .text.MemManage_Handler
                0x0000000008000fa4        0x6 ./Core/Src/stm32f4xx_it.o
                0x0000000008000fa4                MemManage_Handler
 .text.BusFault_Handler
                0x0000000008000faa        0x6 ./Core/Src/stm32f4xx_it.o
                0x0000000008000faa                BusFault_Handler
 .text.UsageFault_Handler
                0x0000000008000fb0        0x6 ./Core/Src/stm32f4xx_it.o
                0x0000000008000fb0                UsageFault_Handler
 .text.SVC_Handler
                0x0000000008000fb6        0xe ./Core/Src/stm32f4xx_it.o
                0x0000000008000fb6                SVC_Handler
 .text.DebugMon_Handler
                0x0000000008000fc4        0xe ./Core/Src/stm32f4xx_it.o
                0x0000000008000fc4                DebugMon_Handler
 .text.PendSV_Handler
                0x0000000008000fd2        0xe ./Core/Src/stm32f4xx_it.o
                0x0000000008000fd2                PendSV_Handler
 .text.SysTick_Handler
                0x0000000008000fe0        0xc ./Core/Src/stm32f4xx_it.o
                0x0000000008000fe0                SysTick_Handler
 .text.USART1_IRQHandler
                0x0000000008000fec       0x14 ./Core/Src/stm32f4xx_it.o
                0x0000000008000fec                USART1_IRQHandler
 .text.SystemInit
                0x0000000008001000       0x24 ./Core/Src/system_stm32f4xx.o
                0x0000000008001000                SystemInit
 .text.Reset_Handler
                0x0000000008001024       0x50 ./Core/Startup/startup_stm32f407vetx.o
                0x0000000008001024                Reset_Handler
 .text.Default_Handler
                0x0000000008001074        0x2 ./Core/Startup/startup_stm32f407vetx.o
                0x0000000008001074                RTC_Alarm_IRQHandler
                0x0000000008001074                HASH_RNG_IRQHandler
                0x0000000008001074                EXTI2_IRQHandler
                0x0000000008001074                TIM8_CC_IRQHandler
                0x0000000008001074                TIM1_CC_IRQHandler
                0x0000000008001074                DMA2_Stream5_IRQHandler
                0x0000000008001074                DMA1_Stream5_IRQHandler
                0x0000000008001074                PVD_IRQHandler
                0x0000000008001074                SDIO_IRQHandler
                0x0000000008001074                TAMP_STAMP_IRQHandler
                0x0000000008001074                CAN2_RX1_IRQHandler
                0x0000000008001074                EXTI3_IRQHandler
                0x0000000008001074                TIM8_TRG_COM_TIM14_IRQHandler
                0x0000000008001074                TIM1_UP_TIM10_IRQHandler
                0x0000000008001074                TIM8_UP_TIM13_IRQHandler
                0x0000000008001074                I2C3_ER_IRQHandler
                0x0000000008001074                EXTI0_IRQHandler
                0x0000000008001074                I2C2_EV_IRQHandler
                0x0000000008001074                DMA1_Stream2_IRQHandler
                0x0000000008001074                CAN1_RX0_IRQHandler
                0x0000000008001074                FPU_IRQHandler
                0x0000000008001074                OTG_HS_WKUP_IRQHandler
                0x0000000008001074                CAN2_SCE_IRQHandler
                0x0000000008001074                DMA2_Stream2_IRQHandler
                0x0000000008001074                SPI1_IRQHandler
                0x0000000008001074                TIM6_DAC_IRQHandler
                0x0000000008001074                TIM1_BRK_TIM9_IRQHandler
                0x0000000008001074                DCMI_IRQHandler
                0x0000000008001074                CAN2_RX0_IRQHandler
                0x0000000008001074                DMA2_Stream3_IRQHandler
                0x0000000008001074                USART6_IRQHandler
                0x0000000008001074                USART3_IRQHandler
                0x0000000008001074                CAN1_RX1_IRQHandler
                0x0000000008001074                UART5_IRQHandler
                0x0000000008001074                DMA2_Stream0_IRQHandler
                0x0000000008001074                TIM4_IRQHandler
                0x0000000008001074                I2C1_EV_IRQHandler
                0x0000000008001074                DMA1_Stream6_IRQHandler
                0x0000000008001074                DMA1_Stream1_IRQHandler
                0x0000000008001074                UART4_IRQHandler
                0x0000000008001074                TIM3_IRQHandler
                0x0000000008001074                RCC_IRQHandler
                0x0000000008001074                TIM8_BRK_TIM12_IRQHandler
                0x0000000008001074                Default_Handler
                0x0000000008001074                EXTI15_10_IRQHandler
                0x0000000008001074                ADC_IRQHandler
                0x0000000008001074                DMA1_Stream7_IRQHandler
                0x0000000008001074                TIM7_IRQHandler
                0x0000000008001074                CAN2_TX_IRQHandler
                0x0000000008001074                TIM5_IRQHandler
                0x0000000008001074                DMA2_Stream7_IRQHandler
                0x0000000008001074                I2C3_EV_IRQHandler
                0x0000000008001074                EXTI9_5_IRQHandler
                0x0000000008001074                RTC_WKUP_IRQHandler
                0x0000000008001074                ETH_WKUP_IRQHandler
                0x0000000008001074                SPI2_IRQHandler
                0x0000000008001074                OTG_HS_EP1_IN_IRQHandler
                0x0000000008001074                DMA1_Stream0_IRQHandler
                0x0000000008001074                CAN1_TX_IRQHandler
                0x0000000008001074                EXTI4_IRQHandler
                0x0000000008001074                FSMC_IRQHandler
                0x0000000008001074                ETH_IRQHandler
                0x0000000008001074                OTG_HS_EP1_OUT_IRQHandler
                0x0000000008001074                WWDG_IRQHandler
                0x0000000008001074                TIM2_IRQHandler
                0x0000000008001074                OTG_FS_WKUP_IRQHandler
                0x0000000008001074                TIM1_TRG_COM_TIM11_IRQHandler
                0x0000000008001074                OTG_HS_IRQHandler
                0x0000000008001074                EXTI1_IRQHandler
                0x0000000008001074                USART2_IRQHandler
                0x0000000008001074                I2C2_ER_IRQHandler
                0x0000000008001074                DMA2_Stream1_IRQHandler
                0x0000000008001074                CAN1_SCE_IRQHandler
                0x0000000008001074                FLASH_IRQHandler
                0x0000000008001074                DMA2_Stream4_IRQHandler
                0x0000000008001074                OTG_FS_IRQHandler
                0x0000000008001074                SPI3_IRQHandler
                0x0000000008001074                DMA1_Stream4_IRQHandler
                0x0000000008001074                I2C1_ER_IRQHandler
                0x0000000008001074                DMA2_Stream6_IRQHandler
                0x0000000008001074                DMA1_Stream3_IRQHandler
 *fill*         0x0000000008001076        0x2 
 .text.HAL_Init
                0x0000000008001078       0x44 ./Drivers/STM32F4xx_HAL_Driver/Src/stm32f4xx_hal.o
                0x0000000008001078                HAL_Init
 .text.HAL_InitTick
                0x00000000080010bc       0x60 ./Drivers/STM32F4xx_HAL_Driver/Src/stm32f4xx_hal.o
                0x00000000080010bc                HAL_InitTick
 .text.HAL_IncTick
                0x000000000800111c       0x28 ./Drivers/STM32F4xx_HAL_Driver/Src/stm32f4xx_hal.o
                0x000000000800111c                HAL_IncTick
 .text.HAL_GetTick
                0x0000000008001144       0x18 ./Drivers/STM32F4xx_HAL_Driver/Src/stm32f4xx_hal.o
                0x0000000008001144                HAL_GetTick
 .text.HAL_Delay
                0x000000000800115c       0x48 ./Drivers/STM32F4xx_HAL_Driver/Src/stm32f4xx_hal.o
                0x000000000800115c                HAL_Delay
 .text.__NVIC_SetPriorityGrouping
                0x00000000080011a4       0x48 ./Drivers/STM32F4xx_HAL_Driver/Src/stm32f4xx_hal_cortex.o
 .text.__NVIC_GetPriorityGrouping
                0x00000000080011ec       0x1c ./Drivers/STM32F4xx_HAL_Driver/Src/stm32f4xx_hal_cortex.o
 .text.__NVIC_EnableIRQ
                0x0000000008001208       0x3c ./Drivers/STM32F4xx_HAL_Driver/Src/stm32f4xx_hal_cortex.o
 .text.__NVIC_SetPriority
                0x0000000008001244       0x54 ./Drivers/STM32F4xx_HAL_Driver/Src/stm32f4xx_hal_cortex.o
 .text.NVIC_EncodePriority
                0x0000000008001298       0x66 ./Drivers/STM32F4xx_HAL_Driver/Src/stm32f4xx_hal_cortex.o
 *fill*         0x00000000080012fe        0x2 
 .text.SysTick_Config
                0x0000000008001300       0x44 ./Drivers/STM32F4xx_HAL_Driver/Src/stm32f4xx_hal_cortex.o
 .text.HAL_NVIC_SetPriorityGrouping
                0x0000000008001344       0x16 ./Drivers/STM32F4xx_HAL_Driver/Src/stm32f4xx_hal_cortex.o
                0x0000000008001344                HAL_NVIC_SetPriorityGrouping
 .text.HAL_NVIC_SetPriority
                0x000000000800135a       0x38 ./Drivers/STM32F4xx_HAL_Driver/Src/stm32f4xx_hal_cortex.o
                0x000000000800135a                HAL_NVIC_SetPriority
 .text.HAL_NVIC_EnableIRQ
                0x0000000008001392       0x1c ./Drivers/STM32F4xx_HAL_Driver/Src/stm32f4xx_hal_cortex.o
                0x0000000008001392                HAL_NVIC_EnableIRQ
 .text.HAL_SYSTICK_Config
                0x00000000080013ae       0x18 ./Drivers/STM32F4xx_HAL_Driver/Src/stm32f4xx_hal_cortex.o
                0x00000000080013ae                HAL_SYSTICK_Config
 .text.HAL_DMA_Abort
                0x00000000080013c6       0xe0 ./Drivers/STM32F4xx_HAL_Driver/Src/stm32f4xx_hal_dma.o
                0x00000000080013c6                HAL_DMA_Abort
 .text.HAL_DMA_Abort_IT
                0x00000000080014a6       0x44 ./Drivers/STM32F4xx_HAL_Driver/Src/stm32f4xx_hal_dma.o
                0x00000000080014a6                HAL_DMA_Abort_IT
 *fill*         0x00000000080014ea        0x2 
 .text.HAL_GPIO_Init
                0x00000000080014ec      0x338 ./Drivers/STM32F4xx_HAL_Driver/Src/stm32f4xx_hal_gpio.o
                0x00000000080014ec                HAL_GPIO_Init
 .text.HAL_GPIO_ReadPin
                0x0000000008001824       0x30 ./Drivers/STM32F4xx_HAL_Driver/Src/stm32f4xx_hal_gpio.o
                0x0000000008001824                HAL_GPIO_ReadPin
 .text.HAL_GPIO_WritePin
                0x0000000008001854       0x32 ./Drivers/STM32F4xx_HAL_Driver/Src/stm32f4xx_hal_gpio.o
                0x0000000008001854                HAL_GPIO_WritePin
 *fill*         0x0000000008001886        0x2 
 .text.HAL_RCC_OscConfig
                0x0000000008001888      0x4f0 ./Drivers/STM32F4xx_HAL_Driver/Src/stm32f4xx_hal_rcc.o
                0x0000000008001888                HAL_RCC_OscConfig
 .text.HAL_RCC_ClockConfig
                0x0000000008001d78      0x1cc ./Drivers/STM32F4xx_HAL_Driver/Src/stm32f4xx_hal_rcc.o
                0x0000000008001d78                HAL_RCC_ClockConfig
 .text.HAL_RCC_GetSysClockFreq
                0x0000000008001f44      0x18c ./Drivers/STM32F4xx_HAL_Driver/Src/stm32f4xx_hal_rcc.o
                0x0000000008001f44                HAL_RCC_GetSysClockFreq
 .text.HAL_RCC_GetHCLKFreq
                0x00000000080020d0       0x18 ./Drivers/STM32F4xx_HAL_Driver/Src/stm32f4xx_hal_rcc.o
                0x00000000080020d0                HAL_RCC_GetHCLKFreq
 .text.HAL_RCC_GetPCLK1Freq
                0x00000000080020e8       0x28 ./Drivers/STM32F4xx_HAL_Driver/Src/stm32f4xx_hal_rcc.o
                0x00000000080020e8                HAL_RCC_GetPCLK1Freq
 .text.HAL_RCC_GetPCLK2Freq
                0x0000000008002110       0x28 ./Drivers/STM32F4xx_HAL_Driver/Src/stm32f4xx_hal_rcc.o
                0x0000000008002110                HAL_RCC_GetPCLK2Freq
 .text.HAL_SD_Init
                0x0000000008002138       0x60 ./Drivers/STM32F4xx_HAL_Driver/Src/stm32f4xx_hal_sd.o
                0x0000000008002138                HAL_SD_Init
 .text.HAL_SD_InitCard
                0x0000000008002198      0x100 ./Drivers/STM32F4xx_HAL_Driver/Src/stm32f4xx_hal_sd.o
                0x0000000008002198                HAL_SD_InitCard
 .text.HAL_SD_ReadBlocks
                0x0000000008002298      0x3bc ./Drivers/STM32F4xx_HAL_Driver/Src/stm32f4xx_hal_sd.o
                0x0000000008002298                HAL_SD_ReadBlocks
 .text.HAL_SD_WriteBlocks
                0x0000000008002654      0x30c ./Drivers/STM32F4xx_HAL_Driver/Src/stm32f4xx_hal_sd.o
                0x0000000008002654                HAL_SD_WriteBlocks
 .text.HAL_SD_GetCardCSD
                0x0000000008002960      0x348 ./Drivers/STM32F4xx_HAL_Driver/Src/stm32f4xx_hal_sd.o
                0x0000000008002960                HAL_SD_GetCardCSD
 .text.HAL_SD_GetCardInfo
                0x0000000008002ca8       0x58 ./Drivers/STM32F4xx_HAL_Driver/Src/stm32f4xx_hal_sd.o
                0x0000000008002ca8                HAL_SD_GetCardInfo
 .text.HAL_SD_GetCardState
                0x0000000008002d00       0x40 ./Drivers/STM32F4xx_HAL_Driver/Src/stm32f4xx_hal_sd.o
                0x0000000008002d00                HAL_SD_GetCardState
 .text.SD_InitCard
                0x0000000008002d40      0x19c ./Drivers/STM32F4xx_HAL_Driver/Src/stm32f4xx_hal_sd.o
 .text.SD_PowerON
                0x0000000008002edc      0x11c ./Drivers/STM32F4xx_HAL_Driver/Src/stm32f4xx_hal_sd.o
 .text.SD_SendStatus
                0x0000000008002ff8       0x50 ./Drivers/STM32F4xx_HAL_Driver/Src/stm32f4xx_hal_sd.o
 .text.HAL_SPI_Init
                0x0000000008003048      0x112 ./Drivers/STM32F4xx_HAL_Driver/Src/stm32f4xx_hal_spi.o
                0x0000000008003048                HAL_SPI_Init
 .text.HAL_SPI_Transmit
                0x000000000800315a      0x278 ./Drivers/STM32F4xx_HAL_Driver/Src/stm32f4xx_hal_spi.o
                0x000000000800315a                HAL_SPI_Transmit
 .text.HAL_SPI_Receive
                0x00000000080033d2      0x222 ./Drivers/STM32F4xx_HAL_Driver/Src/stm32f4xx_hal_spi.o
                0x00000000080033d2                HAL_SPI_Receive
 .text.HAL_SPI_TransmitReceive
                0x00000000080035f4      0x344 ./Drivers/STM32F4xx_HAL_Driver/Src/stm32f4xx_hal_spi.o
                0x00000000080035f4                HAL_SPI_TransmitReceive
 .text.SPI_WaitFlagStateUntilTimeout
                0x0000000008003938      0x110 ./Drivers/STM32F4xx_HAL_Driver/Src/stm32f4xx_hal_spi.o
 .text.SPI_EndRxTransaction
                0x0000000008003a48       0xca ./Drivers/STM32F4xx_HAL_Driver/Src/stm32f4xx_hal_spi.o
 *fill*         0x0000000008003b12        0x2 
 .text.SPI_EndRxTxTransaction
                0x0000000008003b14       0x84 ./Drivers/STM32F4xx_HAL_Driver/Src/stm32f4xx_hal_spi.o
 .text.HAL_UART_Init
                0x0000000008003b98       0x9a ./Drivers/STM32F4xx_HAL_Driver/Src/stm32f4xx_hal_uart.o
                0x0000000008003b98                HAL_UART_Init
 .text.HAL_UART_Transmit_IT
                0x0000000008003c32       0x8a ./Drivers/STM32F4xx_HAL_Driver/Src/stm32f4xx_hal_uart.o
                0x0000000008003c32                HAL_UART_Transmit_IT
 .text.HAL_UART_IRQHandler
                0x0000000008003cbc      0x51c ./Drivers/STM32F4xx_HAL_Driver/Src/stm32f4xx_hal_uart.o
                0x0000000008003cbc                HAL_UART_IRQHandler
 .text.HAL_UART_TxCpltCallback
                0x00000000080041d8       0x14 ./Drivers/STM32F4xx_HAL_Driver/Src/stm32f4xx_hal_uart.o
                0x00000000080041d8                HAL_UART_TxCpltCallback
 .text.HAL_UART_RxCpltCallback
                0x00000000080041ec       0x14 ./Drivers/STM32F4xx_HAL_Driver/Src/stm32f4xx_hal_uart.o
                0x00000000080041ec                HAL_UART_RxCpltCallback
 .text.HAL_UART_ErrorCallback
                0x0000000008004200       0x14 ./Drivers/STM32F4xx_HAL_Driver/Src/stm32f4xx_hal_uart.o
                0x0000000008004200                HAL_UART_ErrorCallback
 .text.HAL_UARTEx_RxEventCallback
                0x0000000008004214       0x18 ./Drivers/STM32F4xx_HAL_Driver/Src/stm32f4xx_hal_uart.o
                0x0000000008004214                HAL_UARTEx_RxEventCallback
 .text.UART_EndRxTransfer
                0x000000000800422c       0xc6 ./Drivers/STM32F4xx_HAL_Driver/Src/stm32f4xx_hal_uart.o
 .text.UART_DMAAbortOnError
                0x00000000080042f2       0x28 ./Drivers/STM32F4xx_HAL_Driver/Src/stm32f4xx_hal_uart.o
 .text.UART_Transmit_IT
                0x000000000800431a       0xa0 ./Drivers/STM32F4xx_HAL_Driver/Src/stm32f4xx_hal_uart.o
 .text.UART_EndTransmit_IT
                0x00000000080043ba       0x30 ./Drivers/STM32F4xx_HAL_Driver/Src/stm32f4xx_hal_uart.o
 .text.UART_Receive_IT
                0x00000000080043ea      0x176 ./Drivers/STM32F4xx_HAL_Driver/Src/stm32f4xx_hal_uart.o
 .text.UART_SetConfig
                0x0000000008004560      0x4e8 ./Drivers/STM32F4xx_HAL_Driver/Src/stm32f4xx_hal_uart.o
 .text.SDIO_Init
                0x0000000008004a48       0x56 ./Drivers/STM32F4xx_HAL_Driver/Src/stm32f4xx_ll_sdmmc.o
                0x0000000008004a48                SDIO_Init
 .text.SDIO_ReadFIFO
                0x0000000008004a9e       0x1a ./Drivers/STM32F4xx_HAL_Driver/Src/stm32f4xx_ll_sdmmc.o
                0x0000000008004a9e                SDIO_ReadFIFO
 .text.SDIO_WriteFIFO
                0x0000000008004ab8       0x22 ./Drivers/STM32F4xx_HAL_Driver/Src/stm32f4xx_ll_sdmmc.o
                0x0000000008004ab8                SDIO_WriteFIFO
 .text.SDIO_PowerState_ON
                0x0000000008004ada       0x1c ./Drivers/STM32F4xx_HAL_Driver/Src/stm32f4xx_ll_sdmmc.o
                0x0000000008004ada                SDIO_PowerState_ON
 .text.SDIO_GetPowerState
                0x0000000008004af6       0x1c ./Drivers/STM32F4xx_HAL_Driver/Src/stm32f4xx_ll_sdmmc.o
                0x0000000008004af6                SDIO_GetPowerState
 .text.SDIO_SendCommand
                0x0000000008004b12       0x54 ./Drivers/STM32F4xx_HAL_Driver/Src/stm32f4xx_ll_sdmmc.o
                0x0000000008004b12                SDIO_SendCommand
 .text.SDIO_GetCommandResponse
                0x0000000008004b66       0x1a ./Drivers/STM32F4xx_HAL_Driver/Src/stm32f4xx_ll_sdmmc.o
                0x0000000008004b66                SDIO_GetCommandResponse
 .text.SDIO_GetResponse
                0x0000000008004b80       0x26 ./Drivers/STM32F4xx_HAL_Driver/Src/stm32f4xx_ll_sdmmc.o
                0x0000000008004b80                SDIO_GetResponse
 .text.SDIO_ConfigData
                0x0000000008004ba6       0x58 ./Drivers/STM32F4xx_HAL_Driver/Src/stm32f4xx_ll_sdmmc.o
                0x0000000008004ba6                SDIO_ConfigData
 .text.SDMMC_CmdBlockLength
                0x0000000008004bfe       0x44 ./Drivers/STM32F4xx_HAL_Driver/Src/stm32f4xx_ll_sdmmc.o
                0x0000000008004bfe                SDMMC_CmdBlockLength
 .text.SDMMC_CmdReadSingleBlock
                0x0000000008004c42       0x44 ./Drivers/STM32F4xx_HAL_Driver/Src/stm32f4xx_ll_sdmmc.o
                0x0000000008004c42                SDMMC_CmdReadSingleBlock
 .text.SDMMC_CmdReadMultiBlock
                0x0000000008004c86       0x44 ./Drivers/STM32F4xx_HAL_Driver/Src/stm32f4xx_ll_sdmmc.o
                0x0000000008004c86                SDMMC_CmdReadMultiBlock
 .text.SDMMC_CmdWriteSingleBlock
                0x0000000008004cca       0x44 ./Drivers/STM32F4xx_HAL_Driver/Src/stm32f4xx_ll_sdmmc.o
                0x0000000008004cca                SDMMC_CmdWriteSingleBlock
 .text.SDMMC_CmdWriteMultiBlock
                0x0000000008004d0e       0x44 ./Drivers/STM32F4xx_HAL_Driver/Src/stm32f4xx_ll_sdmmc.o
                0x0000000008004d0e                SDMMC_CmdWriteMultiBlock
 *fill*         0x0000000008004d52        0x2 
 .text.SDMMC_CmdStopTransfer
                0x0000000008004d54       0x44 ./Drivers/STM32F4xx_HAL_Driver/Src/stm32f4xx_ll_sdmmc.o
                0x0000000008004d54                SDMMC_CmdStopTransfer
 .text.SDMMC_CmdSelDesel
                0x0000000008004d98       0x46 ./Drivers/STM32F4xx_HAL_Driver/Src/stm32f4xx_ll_sdmmc.o
                0x0000000008004d98                SDMMC_CmdSelDesel
 .text.SDMMC_CmdGoIdleState
                0x0000000008004dde       0x3c ./Drivers/STM32F4xx_HAL_Driver/Src/stm32f4xx_ll_sdmmc.o
                0x0000000008004dde                SDMMC_CmdGoIdleState
 .text.SDMMC_CmdOperCond
                0x0000000008004e1a       0x3e ./Drivers/STM32F4xx_HAL_Driver/Src/stm32f4xx_ll_sdmmc.o
                0x0000000008004e1a                SDMMC_CmdOperCond
 .text.SDMMC_CmdAppCommand
                0x0000000008004e58       0x44 ./Drivers/STM32F4xx_HAL_Driver/Src/stm32f4xx_ll_sdmmc.o
                0x0000000008004e58                SDMMC_CmdAppCommand
 .text.SDMMC_CmdAppOperCommand
                0x0000000008004e9c       0x46 ./Drivers/STM32F4xx_HAL_Driver/Src/stm32f4xx_ll_sdmmc.o
                0x0000000008004e9c                SDMMC_CmdAppOperCommand
 .text.SDMMC_CmdSendCID
                0x0000000008004ee2       0x3c ./Drivers/STM32F4xx_HAL_Driver/Src/stm32f4xx_ll_sdmmc.o
                0x0000000008004ee2                SDMMC_CmdSendCID
 .text.SDMMC_CmdSendCSD
                0x0000000008004f1e       0x3e ./Drivers/STM32F4xx_HAL_Driver/Src/stm32f4xx_ll_sdmmc.o
                0x0000000008004f1e                SDMMC_CmdSendCSD
 .text.SDMMC_CmdSetRelAdd
                0x0000000008004f5c       0x42 ./Drivers/STM32F4xx_HAL_Driver/Src/stm32f4xx_ll_sdmmc.o
                0x0000000008004f5c                SDMMC_CmdSetRelAdd
 .text.SDMMC_CmdSendStatus
                0x0000000008004f9e       0x44 ./Drivers/STM32F4xx_HAL_Driver/Src/stm32f4xx_ll_sdmmc.o
                0x0000000008004f9e                SDMMC_CmdSendStatus
 *fill*         0x0000000008004fe2        0x2 
 .text.SDMMC_GetCmdResp1
                0x0000000008004fe4      0x1dc ./Drivers/STM32F4xx_HAL_Driver/Src/stm32f4xx_ll_sdmmc.o
                0x0000000008004fe4                SDMMC_GetCmdResp1
 .text.SDMMC_GetCmdResp2
                0x00000000080051c0       0x90 ./Drivers/STM32F4xx_HAL_Driver/Src/stm32f4xx_ll_sdmmc.o
                0x00000000080051c0                SDMMC_GetCmdResp2
 .text.SDMMC_GetCmdResp3
                0x0000000008005250       0x7c ./Drivers/STM32F4xx_HAL_Driver/Src/stm32f4xx_ll_sdmmc.o
                0x0000000008005250                SDMMC_GetCmdResp3
 .text.SDMMC_GetCmdResp6
                0x00000000080052cc       0xec ./Drivers/STM32F4xx_HAL_Driver/Src/stm32f4xx_ll_sdmmc.o
                0x00000000080052cc                SDMMC_GetCmdResp6
 .text.SDMMC_GetCmdResp7
                0x00000000080053b8       0x9c ./Drivers/STM32F4xx_HAL_Driver/Src/stm32f4xx_ll_sdmmc.o
                0x00000000080053b8                SDMMC_GetCmdResp7
 .text.SDMMC_GetCmdError
                0x0000000008005454       0x58 ./Drivers/STM32F4xx_HAL_Driver/Src/stm32f4xx_ll_sdmmc.o
 .text.MX_FATFS_Init
                0x00000000080054ac       0x24 ./FATFS/App/fatfs.o
                0x00000000080054ac                MX_FATFS_Init
 .text.get_fattime
                0x00000000080054d0       0x10 ./FATFS/App/fatfs.o
                0x00000000080054d0                get_fattime
 .text.BSP_SD_Init
                0x00000000080054e0       0x30 ./FATFS/Target/bsp_driver_sd.o
                0x00000000080054e0                BSP_SD_Init
 .text.BSP_SD_ReadBlocks
                0x0000000008005510       0x3c ./FATFS/Target/bsp_driver_sd.o
                0x0000000008005510                BSP_SD_ReadBlocks
 .text.BSP_SD_WriteBlocks
                0x000000000800554c       0x3c ./FATFS/Target/bsp_driver_sd.o
                0x000000000800554c                BSP_SD_WriteBlocks
 .text.BSP_SD_GetCardState
                0x0000000008005588       0x20 ./FATFS/Target/bsp_driver_sd.o
                0x0000000008005588                BSP_SD_GetCardState
 .text.BSP_SD_GetCardInfo
                0x00000000080055a8       0x1c ./FATFS/Target/bsp_driver_sd.o
                0x00000000080055a8                BSP_SD_GetCardInfo
 .text.BSP_SD_IsDetected
                0x00000000080055c4       0x24 ./FATFS/Target/bsp_driver_sd.o
                0x00000000080055c4                BSP_SD_IsDetected
 .text.BSP_PlatformIsDetected
                0x00000000080055e8       0x2c ./FATFS/Target/fatfs_platform.o
                0x00000000080055e8                BSP_PlatformIsDetected
 .text.SD_CheckStatus
                0x0000000008005614       0x3c ./FATFS/Target/sd_diskio.o
 .text.SD_initialize
                0x0000000008005650       0x3c ./FATFS/Target/sd_diskio.o
                0x0000000008005650                SD_initialize
 .text.SD_status
                0x000000000800568c       0x1c ./FATFS/Target/sd_diskio.o
                0x000000000800568c                SD_status
 .text.SD_read  0x00000000080056a8       0x42 ./FATFS/Target/sd_diskio.o
                0x00000000080056a8                SD_read
 .text.SD_write
                0x00000000080056ea       0x42 ./FATFS/Target/sd_diskio.o
                0x00000000080056ea                SD_write
 .text.SD_ioctl
                0x000000000800572c       0xb0 ./FATFS/Target/sd_diskio.o
                0x000000000800572c                SD_ioctl
 .text.disk_status
                0x00000000080057dc       0x34 ./Middlewares/Third_Party/FatFs/src/diskio.o
                0x00000000080057dc                disk_status
 .text.disk_initialize
                0x0000000008005810       0x4c ./Middlewares/Third_Party/FatFs/src/diskio.o
                0x0000000008005810                disk_initialize
 .text.disk_read
                0x000000000800585c       0x40 ./Middlewares/Third_Party/FatFs/src/diskio.o
                0x000000000800585c                disk_read
 .text.disk_write
                0x000000000800589c       0x40 ./Middlewares/Third_Party/FatFs/src/diskio.o
                0x000000000800589c                disk_write
 .text.disk_ioctl
                0x00000000080058dc       0x3c ./Middlewares/Third_Party/FatFs/src/diskio.o
                0x00000000080058dc                disk_ioctl
 .text.ld_word  0x0000000008005918       0x30 ./Middlewares/Third_Party/FatFs/src/ff.o
 .text.ld_dword
                0x0000000008005948       0x46 ./Middlewares/Third_Party/FatFs/src/ff.o
 .text.st_word  0x000000000800598e       0x36 ./Middlewares/Third_Party/FatFs/src/ff.o
 .text.st_dword
                0x00000000080059c4       0x58 ./Middlewares/Third_Party/FatFs/src/ff.o
 .text.mem_cpy  0x0000000008005a1c       0x42 ./Middlewares/Third_Party/FatFs/src/ff.o
 .text.mem_set  0x0000000008005a5e       0x36 ./Middlewares/Third_Party/FatFs/src/ff.o
 .text.mem_cmp  0x0000000008005a94       0x4e ./Middlewares/Third_Party/FatFs/src/ff.o
 .text.chk_chr  0x0000000008005ae2       0x36 ./Middlewares/Third_Party/FatFs/src/ff.o
 .text.chk_lock
                0x0000000008005b18       0xb8 ./Middlewares/Third_Party/FatFs/src/ff.o
 .text.enq_lock
                0x0000000008005bd0       0x44 ./Middlewares/Third_Party/FatFs/src/ff.o
 .text.inc_lock
                0x0000000008005c14      0x11c ./Middlewares/Third_Party/FatFs/src/ff.o
 .text.dec_lock
                0x0000000008005d30       0x78 ./Middlewares/Third_Party/FatFs/src/ff.o
 .text.clear_lock
                0x0000000008005da8       0x48 ./Middlewares/Third_Party/FatFs/src/ff.o
 .text.sync_window
                0x0000000008005df0       0x88 ./Middlewares/Third_Party/FatFs/src/ff.o
 .text.move_window
                0x0000000008005e78       0x5a ./Middlewares/Third_Party/FatFs/src/ff.o
 *fill*         0x0000000008005ed2        0x2 
 .text.sync_fs  0x0000000008005ed4       0xdc ./Middlewares/Third_Party/FatFs/src/ff.o
 .text.clust2sect
                0x0000000008005fb0       0x3e ./Middlewares/Third_Party/FatFs/src/ff.o
 .text.get_fat  0x0000000008005fee      0x150 ./Middlewares/Third_Party/FatFs/src/ff.o
 .text.put_fat  0x000000000800613e      0x1d8 ./Middlewares/Third_Party/FatFs/src/ff.o
 .text.remove_chain
                0x0000000008006316       0xca ./Middlewares/Third_Party/FatFs/src/ff.o
 .text.create_chain
                0x00000000080063e0      0x130 ./Middlewares/Third_Party/FatFs/src/ff.o
 .text.clmt_clust
                0x0000000008006510       0x68 ./Middlewares/Third_Party/FatFs/src/ff.o
 .text.dir_sdi  0x0000000008006578       0xf6 ./Middlewares/Third_Party/FatFs/src/ff.o
 .text.dir_next
                0x000000000800666e      0x18a ./Middlewares/Third_Party/FatFs/src/ff.o
 .text.dir_alloc
                0x00000000080067f8       0x8e ./Middlewares/Third_Party/FatFs/src/ff.o
 .text.ld_clust
                0x0000000008006886       0x3e ./Middlewares/Third_Party/FatFs/src/ff.o
 .text.st_clust
                0x00000000080068c4       0x40 ./Middlewares/Third_Party/FatFs/src/ff.o
 .text.dir_find
                0x0000000008006904       0xaa ./Middlewares/Third_Party/FatFs/src/ff.o
 .text.dir_register
                0x00000000080069ae       0x64 ./Middlewares/Third_Party/FatFs/src/ff.o
 *fill*         0x0000000008006a12        0x2 
 .text.create_name
                0x0000000008006a14      0x128 ./Middlewares/Third_Party/FatFs/src/ff.o
 .text.follow_path
                0x0000000008006b3c       0xe2 ./Middlewares/Third_Party/FatFs/src/ff.o
 .text.get_ldnumber
                0x0000000008006c1e       0x88 ./Middlewares/Third_Party/FatFs/src/ff.o
 *fill*         0x0000000008006ca6        0x2 
 .text.check_fs
                0x0000000008006ca8       0xac ./Middlewares/Third_Party/FatFs/src/ff.o
 .text.find_volume
                0x0000000008006d54      0x498 ./Middlewares/Third_Party/FatFs/src/ff.o
 .text.validate
                0x00000000080071ec       0x6a ./Middlewares/Third_Party/FatFs/src/ff.o
 *fill*         0x0000000008007256        0x2 
 .text.f_mount  0x0000000008007258       0x8c ./Middlewares/Third_Party/FatFs/src/ff.o
                0x0000000008007258                f_mount
 .text.f_open   0x00000000080072e4      0x37c ./Middlewares/Third_Party/FatFs/src/ff.o
                0x00000000080072e4                f_open
 .text.f_read   0x0000000008007660      0x27e ./Middlewares/Third_Party/FatFs/src/ff.o
                0x0000000008007660                f_read
 .text.f_write  0x00000000080078de      0x2ea ./Middlewares/Third_Party/FatFs/src/ff.o
                0x00000000080078de                f_write
 .text.f_sync   0x0000000008007bc8       0xfc ./Middlewares/Third_Party/FatFs/src/ff.o
                0x0000000008007bc8                f_sync
 .text.f_close  0x0000000008007cc4       0x54 ./Middlewares/Third_Party/FatFs/src/ff.o
                0x0000000008007cc4                f_close
 .text.FATFS_LinkDriverEx
                0x0000000008007d18       0x98 ./Middlewares/Third_Party/FatFs/src/ff_gen_drv.o
                0x0000000008007d18                FATFS_LinkDriverEx
 .text.FATFS_LinkDriver
                0x0000000008007db0       0x1e ./Middlewares/Third_Party/FatFs/src/ff_gen_drv.o
                0x0000000008007db0                FATFS_LinkDriver
 *fill*         0x0000000008007dce        0x2 
 .text.__libc_init_array
                0x0000000008007dd0       0x48 c:/st/stm32cubeide_1.12.1/stm32cubeide/plugins/com.st.stm32cube.ide.mcu.externaltools.gnu-tools-for-stm32.10.3-2021.10.win32_1.0.200.202301161003/tools/bin/../lib/gcc/arm-none-eabi/10.3.1/../../../../arm-none-eabi/lib/thumb/v7e-m+fp/hard\libc_nano.a(lib_a-init.o)
                0x0000000008007dd0                __libc_init_array
 .text.memset   0x0000000008007e18       0x10 c:/st/stm32cubeide_1.12.1/stm32cubeide/plugins/com.st.stm32cube.ide.mcu.externaltools.gnu-tools-for-stm32.10.3-2021.10.win32_1.0.200.202301161003/tools/bin/../lib/gcc/arm-none-eabi/10.3.1/../../../../arm-none-eabi/lib/thumb/v7e-m+fp/hard\libc_nano.a(lib_a-memset.o)
                0x0000000008007e18                memset
 *(.glue_7)
 .glue_7        0x0000000008007e28        0x0 linker stubs
 *(.glue_7t)
 .glue_7t       0x0000000008007e28        0x0 linker stubs
 *(.eh_frame)
 .eh_frame      0x0000000008007e28        0x0 c:/st/stm32cubeide_1.12.1/stm32cubeide/plugins/com.st.stm32cube.ide.mcu.externaltools.gnu-tools-for-stm32.10.3-2021.10.win32_1.0.200.202301161003/tools/bin/../lib/gcc/arm-none-eabi/10.3.1/thumb/v7e-m+fp/hard/crtbegin.o
 *(.init)
 .init          0x0000000008007e28        0x4 c:/st/stm32cubeide_1.12.1/stm32cubeide/plugins/com.st.stm32cube.ide.mcu.externaltools.gnu-tools-for-stm32.10.3-2021.10.win32_1.0.200.202301161003/tools/bin/../lib/gcc/arm-none-eabi/10.3.1/thumb/v7e-m+fp/hard/crti.o
                0x0000000008007e28                _init
 .init          0x0000000008007e2c        0x8 c:/st/stm32cubeide_1.12.1/stm32cubeide/plugins/com.st.stm32cube.ide.mcu.externaltools.gnu-tools-for-stm32.10.3-2021.10.win32_1.0.200.202301161003/tools/bin/../lib/gcc/arm-none-eabi/10.3.1/thumb/v7e-m+fp/hard/crtn.o
 *(.fini)
 .fini          0x0000000008007e34        0x4 c:/st/stm32cubeide_1.12.1/stm32cubeide/plugins/com.st.stm32cube.ide.mcu.externaltools.gnu-tools-for-stm32.10.3-2021.10.win32_1.0.200.202301161003/tools/bin/../lib/gcc/arm-none-eabi/10.3.1/thumb/v7e-m+fp/hard/crti.o
                0x0000000008007e34                _fini
 .fini          0x0000000008007e38        0x8 c:/st/stm32cubeide_1.12.1/stm32cubeide/plugins/com.st.stm32cube.ide.mcu.externaltools.gnu-tools-for-stm32.10.3-2021.10.win32_1.0.200.202301161003/tools/bin/../lib/gcc/arm-none-eabi/10.3.1/thumb/v7e-m+fp/hard/crtn.o
                0x0000000008007e40                . = ALIGN (0x4)
                0x0000000008007e40                _etext = .

.vfp11_veneer   0x0000000008007e40        0x0
 .vfp11_veneer  0x0000000008007e40        0x0 linker stubs

.v4_bx          0x0000000008007e40        0x0
 .v4_bx         0x0000000008007e40        0x0 linker stubs

.iplt           0x0000000008007e40        0x0
 .iplt          0x0000000008007e40        0x0 c:/st/stm32cubeide_1.12.1/stm32cubeide/plugins/com.st.stm32cube.ide.mcu.externaltools.gnu-tools-for-stm32.10.3-2021.10.win32_1.0.200.202301161003/tools/bin/../lib/gcc/arm-none-eabi/10.3.1/thumb/v7e-m+fp/hard/crtbegin.o

.rodata         0x0000000008007e40      0x190
                0x0000000008007e40                . = ALIGN (0x4)
 *(.rodata)
 .rodata        0x0000000008007e40        0xd ./Core/Src/NRF24L01.o
 *fill*         0x0000000008007e4d        0x3 
 .rodata        0x0000000008007e50       0x8d ./Core/Src/main.o
 *fill*         0x0000000008007edd        0x3 
 .rodata        0x0000000008007ee0       0x44 ./Middlewares/Third_Party/FatFs/src/ff.o
 *(.rodata*)
 .rodata.AHBPrescTable
                0x0000000008007f24       0x10 ./Core/Src/system_stm32f4xx.o
                0x0000000008007f24                AHBPrescTable
 .rodata.APBPrescTable
                0x0000000008007f34        0x8 ./Core/Src/system_stm32f4xx.o
                0x0000000008007f34                APBPrescTable
 .rodata.SD_Driver
                0x0000000008007f3c       0x14 ./FATFS/Target/sd_diskio.o
                0x0000000008007f3c                SD_Driver
 .rodata.ExCvt  0x0000000008007f50       0x80 ./Middlewares/Third_Party/FatFs/src/ff.o
                0x0000000008007fd0                . = ALIGN (0x4)

.ARM.extab      0x0000000008007fd0        0x0
                0x0000000008007fd0                . = ALIGN (0x4)
 *(.ARM.extab* .gnu.linkonce.armextab.*)
                0x0000000008007fd0                . = ALIGN (0x4)

.ARM            0x0000000008007fd0        0x8
                0x0000000008007fd0                . = ALIGN (0x4)
                0x0000000008007fd0                __exidx_start = .
 *(.ARM.exidx*)
 .ARM.exidx     0x0000000008007fd0        0x8 c:/st/stm32cubeide_1.12.1/stm32cubeide/plugins/com.st.stm32cube.ide.mcu.externaltools.gnu-tools-for-stm32.10.3-2021.10.win32_1.0.200.202301161003/tools/bin/../lib/gcc/arm-none-eabi/10.3.1/thumb/v7e-m+fp/hard\libgcc.a(_udivmoddi4.o)
                0x0000000008007fd8                __exidx_end = .
                0x0000000008007fd8                . = ALIGN (0x4)

.rel.dyn        0x0000000008007fd8        0x0
 .rel.iplt      0x0000000008007fd8        0x0 c:/st/stm32cubeide_1.12.1/stm32cubeide/plugins/com.st.stm32cube.ide.mcu.externaltools.gnu-tools-for-stm32.10.3-2021.10.win32_1.0.200.202301161003/tools/bin/../lib/gcc/arm-none-eabi/10.3.1/thumb/v7e-m+fp/hard/crtbegin.o

.preinit_array  0x0000000008007fd8        0x0
                0x0000000008007fd8                . = ALIGN (0x4)
                0x0000000008007fd8                PROVIDE (__preinit_array_start = .)
 *(.preinit_array*)
                0x0000000008007fd8                PROVIDE (__preinit_array_end = .)
                0x0000000008007fd8                . = ALIGN (0x4)

.init_array     0x0000000008007fd8        0x4
                0x0000000008007fd8                . = ALIGN (0x4)
                0x0000000008007fd8                PROVIDE (__init_array_start = .)
 *(SORT_BY_NAME(.init_array.*))
 *(.init_array*)
 .init_array    0x0000000008007fd8        0x4 c:/st/stm32cubeide_1.12.1/stm32cubeide/plugins/com.st.stm32cube.ide.mcu.externaltools.gnu-tools-for-stm32.10.3-2021.10.win32_1.0.200.202301161003/tools/bin/../lib/gcc/arm-none-eabi/10.3.1/thumb/v7e-m+fp/hard/crtbegin.o
                0x0000000008007fdc                PROVIDE (__init_array_end = .)
                0x0000000008007fdc                . = ALIGN (0x4)

.fini_array     0x0000000008007fdc        0x4
                0x0000000008007fdc                . = ALIGN (0x4)
                [!provide]                        PROVIDE (__fini_array_start = .)
 *(SORT_BY_NAME(.fini_array.*))
 *(.fini_array*)
 .fini_array    0x0000000008007fdc        0x4 c:/st/stm32cubeide_1.12.1/stm32cubeide/plugins/com.st.stm32cube.ide.mcu.externaltools.gnu-tools-for-stm32.10.3-2021.10.win32_1.0.200.202301161003/tools/bin/../lib/gcc/arm-none-eabi/10.3.1/thumb/v7e-m+fp/hard/crtbegin.o
                [!provide]                        PROVIDE (__fini_array_end = .)
                0x0000000008007fe0                . = ALIGN (0x4)
                0x0000000008007fe0                _sidata = LOADADDR (.data)

.data           0x0000000020000000       0x14 load address 0x0000000008007fe0
                0x0000000020000000                . = ALIGN (0x4)
                0x0000000020000000                _sdata = .
 *(.data)
 *(.data*)
 .data.TxAddress
                0x0000000020000000        0x5 ./Core/Src/main.o
                0x0000000020000000                TxAddress
 *fill*         0x0000000020000005        0x3 
 .data.SystemCoreClock
                0x0000000020000008        0x4 ./Core/Src/system_stm32f4xx.o
                0x0000000020000008                SystemCoreClock
 .data.uwTickPrio
                0x000000002000000c        0x4 ./Drivers/STM32F4xx_HAL_Driver/Src/stm32f4xx_hal.o
                0x000000002000000c                uwTickPrio
 .data.uwTickFreq
                0x0000000020000010        0x1 ./Drivers/STM32F4xx_HAL_Driver/Src/stm32f4xx_hal.o
                0x0000000020000010                uwTickFreq
 .data.Stat     0x0000000020000011        0x1 ./FATFS/Target/sd_diskio.o
 *(.RamFunc)
 *(.RamFunc*)
                0x0000000020000014                . = ALIGN (0x4)
 *fill*         0x0000000020000012        0x2 
                0x0000000020000014                _edata = .
                0x0000000008007ff4                _siccmram = LOADADDR (.ccmram)

.igot.plt       0x0000000020000014        0x0 load address 0x0000000008007ff4
 .igot.plt      0x0000000020000014        0x0 c:/st/stm32cubeide_1.12.1/stm32cubeide/plugins/com.st.stm32cube.ide.mcu.externaltools.gnu-tools-for-stm32.10.3-2021.10.win32_1.0.200.202301161003/tools/bin/../lib/gcc/arm-none-eabi/10.3.1/thumb/v7e-m+fp/hard/crtbegin.o

.ccmram         0x0000000010000000        0x0 load address 0x0000000008007ff4
                0x0000000010000000                . = ALIGN (0x4)
                0x0000000010000000                _sccmram = .
 *(.ccmram)
 *(.ccmram*)
                0x0000000010000000                . = ALIGN (0x4)
                0x0000000010000000                _eccmram = .
                0x0000000010000000                . = ALIGN (0x4)

.bss            0x0000000020000014      0x180
                0x0000000020000014                _sbss = .
                0x0000000020000014                __bss_start__ = _sbss
 *(.bss)
 .bss           0x0000000020000014       0x1c c:/st/stm32cubeide_1.12.1/stm32cubeide/plugins/com.st.stm32cube.ide.mcu.externaltools.gnu-tools-for-stm32.10.3-2021.10.win32_1.0.200.202301161003/tools/bin/../lib/gcc/arm-none-eabi/10.3.1/thumb/v7e-m+fp/hard/crtbegin.o
 *(.bss*)
 .bss.hsd       0x0000000020000030       0x84 ./Core/Src/main.o
                0x0000000020000030                hsd
 .bss.hspi1     0x00000000200000b4       0x58 ./Core/Src/main.o
                0x00000000200000b4                hspi1
 .bss.huart1    0x000000002000010c       0x44 ./Core/Src/main.o
                0x000000002000010c                huart1
 .bss.transmit_status
                0x0000000020000150        0x1 ./Core/Src/main.o
                0x0000000020000150                transmit_status
 *fill*         0x0000000020000151        0x3 
 .bss.uwTick    0x0000000020000154        0x4 ./Drivers/STM32F4xx_HAL_Driver/Src/stm32f4xx_hal.o
                0x0000000020000154                uwTick
 .bss.retSD     0x0000000020000158        0x1 ./FATFS/App/fatfs.o
                0x0000000020000158                retSD
 *fill*         0x0000000020000159        0x3 
 .bss.SDPath    0x000000002000015c        0x4 ./FATFS/App/fatfs.o
                0x000000002000015c                SDPath
 .bss.FatFs     0x0000000020000160        0x4 ./Middlewares/Third_Party/FatFs/src/ff.o
 .bss.Fsid      0x0000000020000164        0x2 ./Middlewares/Third_Party/FatFs/src/ff.o
 *fill*         0x0000000020000166        0x2 
 .bss.Files     0x0000000020000168       0x20 ./Middlewares/Third_Party/FatFs/src/ff.o
 .bss.disk      0x0000000020000188        0xc ./Middlewares/Third_Party/FatFs/src/ff_gen_drv.o
                0x0000000020000188                disk
 *(COMMON)
                0x0000000020000194                . = ALIGN (0x4)
                0x0000000020000194                _ebss = .
                0x0000000020000194                __bss_end__ = _ebss

._user_heap_stack
                0x0000000020000194     0x6004
                0x0000000020000198                . = ALIGN (0x8)
 *fill*         0x0000000020000194        0x4 
                [!provide]                        PROVIDE (end = .)
                0x0000000020000198                PROVIDE (_end = .)
                0x0000000020002198                . = (. + _Min_Heap_Size)
 *fill*         0x0000000020000198     0x2000 
                0x0000000020006198                . = (. + _Min_Stack_Size)
 *fill*         0x0000000020002198     0x4000 
                0x0000000020006198                . = ALIGN (0x8)

/DISCARD/
 libc.a(*)
 libm.a(*)
 libgcc.a(*)

.ARM.attributes
                0x0000000000000000       0x30
 *(.ARM.attributes)
 .ARM.attributes
                0x0000000000000000       0x1e c:/st/stm32cubeide_1.12.1/stm32cubeide/plugins/com.st.stm32cube.ide.mcu.externaltools.gnu-tools-for-stm32.10.3-2021.10.win32_1.0.200.202301161003/tools/bin/../lib/gcc/arm-none-eabi/10.3.1/thumb/v7e-m+fp/hard/crti.o
 .ARM.attributes
                0x000000000000001e       0x34 c:/st/stm32cubeide_1.12.1/stm32cubeide/plugins/com.st.stm32cube.ide.mcu.externaltools.gnu-tools-for-stm32.10.3-2021.10.win32_1.0.200.202301161003/tools/bin/../lib/gcc/arm-none-eabi/10.3.1/thumb/v7e-m+fp/hard/crtbegin.o
 .ARM.attributes
                0x0000000000000052       0x34 ./Core/Src/NRF24L01.o
 .ARM.attributes
                0x0000000000000086       0x34 ./Core/Src/main.o
 .ARM.attributes
                0x00000000000000ba       0x34 ./Core/Src/stm32f4xx_hal_msp.o
 .ARM.attributes
                0x00000000000000ee       0x34 ./Core/Src/stm32f4xx_it.o
 .ARM.attributes
                0x0000000000000122       0x34 ./Core/Src/system_stm32f4xx.o
 .ARM.attributes
                0x0000000000000156       0x21 ./Core/Startup/startup_stm32f407vetx.o
 .ARM.attributes
                0x0000000000000177       0x34 ./Drivers/STM32F4xx_HAL_Driver/Src/stm32f4xx_hal.o
 .ARM.attributes
                0x00000000000001ab       0x34 ./Drivers/STM32F4xx_HAL_Driver/Src/stm32f4xx_hal_cortex.o
 .ARM.attributes
                0x00000000000001df       0x34 ./Drivers/STM32F4xx_HAL_Driver/Src/stm32f4xx_hal_dma.o
 .ARM.attributes
                0x0000000000000213       0x34 ./Drivers/STM32F4xx_HAL_Driver/Src/stm32f4xx_hal_gpio.o
 .ARM.attributes
                0x0000000000000247       0x34 ./Drivers/STM32F4xx_HAL_Driver/Src/stm32f4xx_hal_rcc.o
 .ARM.attributes
                0x000000000000027b       0x34 ./Drivers/STM32F4xx_HAL_Driver/Src/stm32f4xx_hal_sd.o
 .ARM.attributes
                0x00000000000002af       0x34 ./Drivers/STM32F4xx_HAL_Driver/Src/stm32f4xx_hal_spi.o
 .ARM.attributes
                0x00000000000002e3       0x34 ./Drivers/STM32F4xx_HAL_Driver/Src/stm32f4xx_hal_uart.o
 .ARM.attributes
                0x0000000000000317       0x34 ./Drivers/STM32F4xx_HAL_Driver/Src/stm32f4xx_ll_sdmmc.o
 .ARM.attributes
                0x000000000000034b       0x34 ./FATFS/App/fatfs.o
 .ARM.attributes
                0x000000000000037f       0x34 ./FATFS/Target/bsp_driver_sd.o
 .ARM.attributes
                0x00000000000003b3       0x34 ./FATFS/Target/fatfs_platform.o
 .ARM.attributes
                0x00000000000003e7       0x34 ./FATFS/Target/sd_diskio.o
 .ARM.attributes
                0x000000000000041b       0x34 ./Middlewares/Third_Party/FatFs/src/diskio.o
 .ARM.attributes
                0x000000000000044f       0x34 ./Middlewares/Third_Party/FatFs/src/ff.o
 .ARM.attributes
                0x0000000000000483       0x34 ./Middlewares/Third_Party/FatFs/src/ff_gen_drv.o
 .ARM.attributes
                0x00000000000004b7       0x34 c:/st/stm32cubeide_1.12.1/stm32cubeide/plugins/com.st.stm32cube.ide.mcu.externaltools.gnu-tools-for-stm32.10.3-2021.10.win32_1.0.200.202301161003/tools/bin/../lib/gcc/arm-none-eabi/10.3.1/../../../../arm-none-eabi/lib/thumb/v7e-m+fp/hard\libc_nano.a(lib_a-init.o)
 .ARM.attributes
                0x00000000000004eb       0x34 c:/st/stm32cubeide_1.12.1/stm32cubeide/plugins/com.st.stm32cube.ide.mcu.externaltools.gnu-tools-for-stm32.10.3-2021.10.win32_1.0.200.202301161003/tools/bin/../lib/gcc/arm-none-eabi/10.3.1/../../../../arm-none-eabi/lib/thumb/v7e-m+fp/hard\libc_nano.a(lib_a-memset.o)
 .ARM.attributes
                0x000000000000051f       0x1e c:/st/stm32cubeide_1.12.1/stm32cubeide/plugins/com.st.stm32cube.ide.mcu.externaltools.gnu-tools-for-stm32.10.3-2021.10.win32_1.0.200.202301161003/tools/bin/../lib/gcc/arm-none-eabi/10.3.1/thumb/v7e-m+fp/hard\libgcc.a(_aeabi_uldivmod.o)
 .ARM.attributes
                0x000000000000053d       0x34 c:/st/stm32cubeide_1.12.1/stm32cubeide/plugins/com.st.stm32cube.ide.mcu.externaltools.gnu-tools-for-stm32.10.3-2021.10.win32_1.0.200.202301161003/tools/bin/../lib/gcc/arm-none-eabi/10.3.1/thumb/v7e-m+fp/hard\libgcc.a(_udivmoddi4.o)
 .ARM.attributes
                0x0000000000000571       0x1e c:/st/stm32cubeide_1.12.1/stm32cubeide/plugins/com.st.stm32cube.ide.mcu.externaltools.gnu-tools-for-stm32.10.3-2021.10.win32_1.0.200.202301161003/tools/bin/../lib/gcc/arm-none-eabi/10.3.1/thumb/v7e-m+fp/hard\libgcc.a(_dvmd_tls.o)
 .ARM.attributes
                0x000000000000058f       0x1e c:/st/stm32cubeide_1.12.1/stm32cubeide/plugins/com.st.stm32cube.ide.mcu.externaltools.gnu-tools-for-stm32.10.3-2021.10.win32_1.0.200.202301161003/tools/bin/../lib/gcc/arm-none-eabi/10.3.1/thumb/v7e-m+fp/hard/crtn.o
OUTPUT(SD_CARD_PROJECT.elf elf32-littlearm)
LOAD linker stubs
LOAD c:/st/stm32cubeide_1.12.1/stm32cubeide/plugins/com.st.stm32cube.ide.mcu.externaltools.gnu-tools-for-stm32.10.3-2021.10.win32_1.0.200.202301161003/tools/bin/../lib/gcc/arm-none-eabi/10.3.1/../../../../arm-none-eabi/lib/thumb/v7e-m+fp/hard\libc.a
LOAD c:/st/stm32cubeide_1.12.1/stm32cubeide/plugins/com.st.stm32cube.ide.mcu.externaltools.gnu-tools-for-stm32.10.3-2021.10.win32_1.0.200.202301161003/tools/bin/../lib/gcc/arm-none-eabi/10.3.1/../../../../arm-none-eabi/lib/thumb/v7e-m+fp/hard\libm.a
LOAD c:/st/stm32cubeide_1.12.1/stm32cubeide/plugins/com.st.stm32cube.ide.mcu.externaltools.gnu-tools-for-stm32.10.3-2021.10.win32_1.0.200.202301161003/tools/bin/../lib/gcc/arm-none-eabi/10.3.1/thumb/v7e-m+fp/hard\libgcc.a

.debug_info     0x0000000000000000    0x12f40
 .debug_info    0x0000000000000000      0xb2c ./Core/Src/NRF24L01.o
 .debug_info    0x0000000000000b2c     0x18bf ./Core/Src/main.o
 .debug_info    0x00000000000023eb     0x1315 ./Core/Src/stm32f4xx_hal_msp.o
 .debug_info    0x0000000000003700      0x665 ./Core/Src/stm32f4xx_it.o
 .debug_info    0x0000000000003d65      0x523 ./Core/Src/system_stm32f4xx.o
 .debug_info    0x0000000000004288       0x22 ./Core/Startup/startup_stm32f407vetx.o
 .debug_info    0x00000000000042aa      0x97c ./Drivers/STM32F4xx_HAL_Driver/Src/stm32f4xx_hal.o
 .debug_info    0x0000000000004c26      0xe1b ./Drivers/STM32F4xx_HAL_Driver/Src/stm32f4xx_hal_cortex.o
 .debug_info    0x0000000000005a41      0x94f ./Drivers/STM32F4xx_HAL_Driver/Src/stm32f4xx_hal_dma.o
 .debug_info    0x0000000000006390      0x76a ./Drivers/STM32F4xx_HAL_Driver/Src/stm32f4xx_hal_gpio.o
 .debug_info    0x0000000000006afa      0x966 ./Drivers/STM32F4xx_HAL_Driver/Src/stm32f4xx_hal_rcc.o
 .debug_info    0x0000000000007460     0x1d34 ./Drivers/STM32F4xx_HAL_Driver/Src/stm32f4xx_hal_sd.o
 .debug_info    0x0000000000009194     0x1758 ./Drivers/STM32F4xx_HAL_Driver/Src/stm32f4xx_hal_spi.o
 .debug_info    0x000000000000a8ec     0x31bc ./Drivers/STM32F4xx_HAL_Driver/Src/stm32f4xx_hal_uart.o
 .debug_info    0x000000000000daa8     0x11dd ./Drivers/STM32F4xx_HAL_Driver/Src/stm32f4xx_ll_sdmmc.o
 .debug_info    0x000000000000ec85      0x4fa ./FATFS/App/fatfs.o
 .debug_info    0x000000000000f17f      0xb43 ./FATFS/Target/bsp_driver_sd.o
 .debug_info    0x000000000000fcc2      0x1dd ./FATFS/Target/fatfs_platform.o
 .debug_info    0x000000000000fe9f      0x4e9 ./FATFS/Target/sd_diskio.o
 .debug_info    0x0000000000010388      0x412 ./Middlewares/Third_Party/FatFs/src/diskio.o
 .debug_info    0x000000000001079a     0x23fd ./Middlewares/Third_Party/FatFs/src/ff.o
 .debug_info    0x0000000000012b97      0x3a9 ./Middlewares/Third_Party/FatFs/src/ff_gen_drv.o

.debug_abbrev   0x0000000000000000     0x2b50
 .debug_abbrev  0x0000000000000000      0x26b ./Core/Src/NRF24L01.o
 .debug_abbrev  0x000000000000026b      0x2e2 ./Core/Src/main.o
 .debug_abbrev  0x000000000000054d      0x1f7 ./Core/Src/stm32f4xx_hal_msp.o
 .debug_abbrev  0x0000000000000744      0x166 ./Core/Src/stm32f4xx_it.o
 .debug_abbrev  0x00000000000008aa      0x116 ./Core/Src/system_stm32f4xx.o
 .debug_abbrev  0x00000000000009c0       0x12 ./Core/Startup/startup_stm32f407vetx.o
 .debug_abbrev  0x00000000000009d2      0x20d ./Drivers/STM32F4xx_HAL_Driver/Src/stm32f4xx_hal.o
 .debug_abbrev  0x0000000000000bdf      0x316 ./Drivers/STM32F4xx_HAL_Driver/Src/stm32f4xx_hal_cortex.o
 .debug_abbrev  0x0000000000000ef5      0x25b ./Drivers/STM32F4xx_HAL_Driver/Src/stm32f4xx_hal_dma.o
 .debug_abbrev  0x0000000000001150      0x1c4 ./Drivers/STM32F4xx_HAL_Driver/Src/stm32f4xx_hal_gpio.o
 .debug_abbrev  0x0000000000001314      0x2aa ./Drivers/STM32F4xx_HAL_Driver/Src/stm32f4xx_hal_rcc.o
 .debug_abbrev  0x00000000000015be      0x288 ./Drivers/STM32F4xx_HAL_Driver/Src/stm32f4xx_hal_sd.o
 .debug_abbrev  0x0000000000001846      0x26e ./Drivers/STM32F4xx_HAL_Driver/Src/stm32f4xx_hal_spi.o
 .debug_abbrev  0x0000000000001ab4      0x2f4 ./Drivers/STM32F4xx_HAL_Driver/Src/stm32f4xx_hal_uart.o
 .debug_abbrev  0x0000000000001da8      0x1ce ./Drivers/STM32F4xx_HAL_Driver/Src/stm32f4xx_ll_sdmmc.o
 .debug_abbrev  0x0000000000001f76      0x15a ./FATFS/App/fatfs.o
 .debug_abbrev  0x00000000000020d0      0x27d ./FATFS/Target/bsp_driver_sd.o
 .debug_abbrev  0x000000000000234d      0x105 ./FATFS/Target/fatfs_platform.o
 .debug_abbrev  0x0000000000002452      0x187 ./FATFS/Target/sd_diskio.o
 .debug_abbrev  0x00000000000025d9      0x178 ./Middlewares/Third_Party/FatFs/src/diskio.o
 .debug_abbrev  0x0000000000002751      0x269 ./Middlewares/Third_Party/FatFs/src/ff.o
 .debug_abbrev  0x00000000000029ba      0x196 ./Middlewares/Third_Party/FatFs/src/ff_gen_drv.o

.debug_aranges  0x0000000000000000      0xff0
 .debug_aranges
                0x0000000000000000       0xa0 ./Core/Src/NRF24L01.o
 .debug_aranges
                0x00000000000000a0       0x50 ./Core/Src/main.o
 .debug_aranges
                0x00000000000000f0       0x50 ./Core/Src/stm32f4xx_hal_msp.o
 .debug_aranges
                0x0000000000000140       0x68 ./Core/Src/stm32f4xx_it.o
 .debug_aranges
                0x00000000000001a8       0x28 ./Core/Src/system_stm32f4xx.o
 .debug_aranges
                0x00000000000001d0       0x28 ./Core/Startup/startup_stm32f407vetx.o
 .debug_aranges
                0x00000000000001f8       0xf0 ./Drivers/STM32F4xx_HAL_Driver/Src/stm32f4xx_hal.o
 .debug_aranges
                0x00000000000002e8      0x118 ./Drivers/STM32F4xx_HAL_Driver/Src/stm32f4xx_hal_cortex.o
 .debug_aranges
                0x0000000000000400       0x90 ./Drivers/STM32F4xx_HAL_Driver/Src/stm32f4xx_hal_dma.o
 .debug_aranges
                0x0000000000000490       0x58 ./Drivers/STM32F4xx_HAL_Driver/Src/stm32f4xx_hal_gpio.o
 .debug_aranges
                0x00000000000004e8       0x88 ./Drivers/STM32F4xx_HAL_Driver/Src/stm32f4xx_hal_rcc.o
 .debug_aranges
                0x0000000000000570      0x168 ./Drivers/STM32F4xx_HAL_Driver/Src/stm32f4xx_hal_sd.o
 .debug_aranges
                0x00000000000006d8      0x1d0 ./Drivers/STM32F4xx_HAL_Driver/Src/stm32f4xx_hal_spi.o
 .debug_aranges
                0x00000000000008a8      0x200 ./Drivers/STM32F4xx_HAL_Driver/Src/stm32f4xx_hal_uart.o
 .debug_aranges
                0x0000000000000aa8      0x188 ./Drivers/STM32F4xx_HAL_Driver/Src/stm32f4xx_ll_sdmmc.o
 .debug_aranges
                0x0000000000000c30       0x28 ./FATFS/App/fatfs.o
 .debug_aranges
                0x0000000000000c58       0xa0 ./FATFS/Target/bsp_driver_sd.o
 .debug_aranges
                0x0000000000000cf8       0x20 ./FATFS/Target/fatfs_platform.o
 .debug_aranges
                0x0000000000000d18       0x48 ./FATFS/Target/sd_diskio.o
 .debug_aranges
                0x0000000000000d60       0x48 ./Middlewares/Third_Party/FatFs/src/diskio.o
 .debug_aranges
                0x0000000000000da8      0x208 ./Middlewares/Third_Party/FatFs/src/ff.o
 .debug_aranges
                0x0000000000000fb0       0x40 ./Middlewares/Third_Party/FatFs/src/ff_gen_drv.o

.debug_ranges   0x0000000000000000      0xec8
 .debug_ranges  0x0000000000000000       0x90 ./Core/Src/NRF24L01.o
 .debug_ranges  0x0000000000000090       0x40 ./Core/Src/main.o
 .debug_ranges  0x00000000000000d0       0x40 ./Core/Src/stm32f4xx_hal_msp.o
 .debug_ranges  0x0000000000000110       0x58 ./Core/Src/stm32f4xx_it.o
 .debug_ranges  0x0000000000000168       0x18 ./Core/Src/system_stm32f4xx.o
 .debug_ranges  0x0000000000000180       0x20 ./Core/Startup/startup_stm32f407vetx.o
 .debug_ranges  0x00000000000001a0       0xe0 ./Drivers/STM32F4xx_HAL_Driver/Src/stm32f4xx_hal.o
 .debug_ranges  0x0000000000000280      0x108 ./Drivers/STM32F4xx_HAL_Driver/Src/stm32f4xx_hal_cortex.o
 .debug_ranges  0x0000000000000388       0x80 ./Drivers/STM32F4xx_HAL_Driver/Src/stm32f4xx_hal_dma.o
 .debug_ranges  0x0000000000000408       0x48 ./Drivers/STM32F4xx_HAL_Driver/Src/stm32f4xx_hal_gpio.o
 .debug_ranges  0x0000000000000450       0x78 ./Drivers/STM32F4xx_HAL_Driver/Src/stm32f4xx_hal_rcc.o
 .debug_ranges  0x00000000000004c8      0x158 ./Drivers/STM32F4xx_HAL_Driver/Src/stm32f4xx_hal_sd.o
 .debug_ranges  0x0000000000000620      0x1c0 ./Drivers/STM32F4xx_HAL_Driver/Src/stm32f4xx_hal_spi.o
 .debug_ranges  0x00000000000007e0      0x220 ./Drivers/STM32F4xx_HAL_Driver/Src/stm32f4xx_hal_uart.o
 .debug_ranges  0x0000000000000a00      0x178 ./Drivers/STM32F4xx_HAL_Driver/Src/stm32f4xx_ll_sdmmc.o
 .debug_ranges  0x0000000000000b78       0x18 ./FATFS/App/fatfs.o
 .debug_ranges  0x0000000000000b90       0x90 ./FATFS/Target/bsp_driver_sd.o
 .debug_ranges  0x0000000000000c20       0x10 ./FATFS/Target/fatfs_platform.o
 .debug_ranges  0x0000000000000c30       0x38 ./FATFS/Target/sd_diskio.o
 .debug_ranges  0x0000000000000c68       0x38 ./Middlewares/Third_Party/FatFs/src/diskio.o
 .debug_ranges  0x0000000000000ca0      0x1f8 ./Middlewares/Third_Party/FatFs/src/ff.o
 .debug_ranges  0x0000000000000e98       0x30 ./Middlewares/Third_Party/FatFs/src/ff_gen_drv.o

.debug_macro    0x0000000000000000    0x22e03
 .debug_macro   0x0000000000000000      0x204 ./Core/Src/NRF24L01.o
 .debug_macro   0x0000000000000204      0xa78 ./Core/Src/NRF24L01.o
 .debug_macro   0x0000000000000c7c      0x2a1 ./Core/Src/NRF24L01.o
 .debug_macro   0x0000000000000f1d       0x2e ./Core/Src/NRF24L01.o
 .debug_macro   0x0000000000000f4b       0x2f ./Core/Src/NRF24L01.o
 .debug_macro   0x0000000000000f7a       0x22 ./Core/Src/NRF24L01.o
 .debug_macro   0x0000000000000f9c       0x8e ./Core/Src/NRF24L01.o
 .debug_macro   0x000000000000102a       0x51 ./Core/Src/NRF24L01.o
 .debug_macro   0x000000000000107b      0x103 ./Core/Src/NRF24L01.o
 .debug_macro   0x000000000000117e       0x6a ./Core/Src/NRF24L01.o
 .debug_macro   0x00000000000011e8      0x1df ./Core/Src/NRF24L01.o
 .debug_macro   0x00000000000013c7       0x1c ./Core/Src/NRF24L01.o
 .debug_macro   0x00000000000013e3       0x22 ./Core/Src/NRF24L01.o
 .debug_macro   0x0000000000001405       0xd9 ./Core/Src/NRF24L01.o
 .debug_macro   0x00000000000014de     0x102d ./Core/Src/NRF24L01.o
 .debug_macro   0x000000000000250b      0x11f ./Core/Src/NRF24L01.o
 .debug_macro   0x000000000000262a    0x15e82 ./Core/Src/NRF24L01.o
 .debug_macro   0x00000000000184ac       0x6d ./Core/Src/NRF24L01.o
 .debug_macro   0x0000000000018519     0x367e ./Core/Src/NRF24L01.o
 .debug_macro   0x000000000001bb97      0x174 ./Core/Src/NRF24L01.o
 .debug_macro   0x000000000001bd0b       0x5c ./Core/Src/NRF24L01.o
 .debug_macro   0x000000000001bd67      0x96b ./Core/Src/NRF24L01.o
 .debug_macro   0x000000000001c6d2      0x9fe ./Core/Src/NRF24L01.o
 .debug_macro   0x000000000001d0d0      0x115 ./Core/Src/NRF24L01.o
 .debug_macro   0x000000000001d1e5      0x13e ./Core/Src/NRF24L01.o
 .debug_macro   0x000000000001d323       0xa5 ./Core/Src/NRF24L01.o
 .debug_macro   0x000000000001d3c8      0x174 ./Core/Src/NRF24L01.o
 .debug_macro   0x000000000001d53c      0x287 ./Core/Src/NRF24L01.o
 .debug_macro   0x000000000001d7c3       0x5f ./Core/Src/NRF24L01.o
 .debug_macro   0x000000000001d822      0x236 ./Core/Src/NRF24L01.o
 .debug_macro   0x000000000001da58      0x12c ./Core/Src/NRF24L01.o
 .debug_macro   0x000000000001db84      0x21e ./Core/Src/NRF24L01.o
 .debug_macro   0x000000000001dda2       0x2e ./Core/Src/NRF24L01.o
 .debug_macro   0x000000000001ddd0      0x11a ./Core/Src/NRF24L01.o
 .debug_macro   0x000000000001deea       0x7e ./Core/Src/NRF24L01.o
 .debug_macro   0x000000000001df68       0x89 ./Core/Src/NRF24L01.o
 .debug_macro   0x000000000001dff1      0x861 ./Core/Src/NRF24L01.o
 .debug_macro   0x000000000001e852      0x1d5 ./Core/Src/NRF24L01.o
 .debug_macro   0x000000000001ea27      0x225 ./Core/Src/NRF24L01.o
 .debug_macro   0x000000000001ec4c      0x295 ./Core/Src/NRF24L01.o
 .debug_macro   0x000000000001eee1      0x12d ./Core/Src/NRF24L01.o
 .debug_macro   0x000000000001f00e       0xee ./Core/Src/NRF24L01.o
 .debug_macro   0x000000000001f0fc      0x35d ./Core/Src/main.o
 .debug_macro   0x000000000001f459       0x1c ./Core/Src/main.o
 .debug_macro   0x000000000001f475       0x34 ./Core/Src/main.o
 .debug_macro   0x000000000001f4a9       0xe5 ./Core/Src/main.o
 .debug_macro   0x000000000001f58e       0x1e ./Core/Src/main.o
 .debug_macro   0x000000000001f5ac       0x52 ./Core/Src/main.o
 .debug_macro   0x000000000001f5fe       0x3c ./Core/Src/main.o
 .debug_macro   0x000000000001f63a       0x34 ./Core/Src/main.o
 .debug_macro   0x000000000001f66e       0x16 ./Core/Src/main.o
 .debug_macro   0x000000000001f684       0x35 ./Core/Src/main.o
 .debug_macro   0x000000000001f6b9       0x16 ./Core/Src/main.o
 .debug_macro   0x000000000001f6cf       0x43 ./Core/Src/main.o
 .debug_macro   0x000000000001f712       0x34 ./Core/Src/main.o
 .debug_macro   0x000000000001f746       0x10 ./Core/Src/main.o
 .debug_macro   0x000000000001f756       0x58 ./Core/Src/main.o
 .debug_macro   0x000000000001f7ae       0x71 ./Core/Src/main.o
 .debug_macro   0x000000000001f81f       0x1c ./Core/Src/main.o
 .debug_macro   0x000000000001f83b      0x12a ./Core/Src/main.o
 .debug_macro   0x000000000001f965      0x341 ./Core/Src/main.o
 .debug_macro   0x000000000001fca6       0x16 ./Core/Src/main.o
 .debug_macro   0x000000000001fcbc       0x29 ./Core/Src/main.o
 .debug_macro   0x000000000001fce5       0x12 ./Core/Src/main.o
 .debug_macro   0x000000000001fcf7       0xe2 ./Core/Src/main.o
 .debug_macro   0x000000000001fdd9       0x8e ./Core/Src/main.o
 .debug_macro   0x000000000001fe67       0x16 ./Core/Src/main.o
 .debug_macro   0x000000000001fe7d       0x20 ./Core/Src/main.o
 .debug_macro   0x000000000001fe9d      0x1e7 ./Core/Src/stm32f4xx_hal_msp.o
 .debug_macro   0x0000000000020084      0x1f1 ./Core/Src/stm32f4xx_it.o
 .debug_macro   0x0000000000020275      0x1dd ./Core/Src/system_stm32f4xx.o
 .debug_macro   0x0000000000020452      0x23d ./Drivers/STM32F4xx_HAL_Driver/Src/stm32f4xx_hal.o
 .debug_macro   0x000000000002068f      0x1dd ./Drivers/STM32F4xx_HAL_Driver/Src/stm32f4xx_hal_cortex.o
 .debug_macro   0x000000000002086c      0x1e3 ./Drivers/STM32F4xx_HAL_Driver/Src/stm32f4xx_hal_dma.o
 .debug_macro   0x0000000000020a4f      0x1e3 ./Drivers/STM32F4xx_HAL_Driver/Src/stm32f4xx_hal_gpio.o
 .debug_macro   0x0000000000020c32      0x201 ./Drivers/STM32F4xx_HAL_Driver/Src/stm32f4xx_hal_rcc.o
 .debug_macro   0x0000000000020e33      0x1de ./Drivers/STM32F4xx_HAL_Driver/Src/stm32f4xx_hal_sd.o
 .debug_macro   0x0000000000021011      0x1ec ./Drivers/STM32F4xx_HAL_Driver/Src/stm32f4xx_hal_spi.o
 .debug_macro   0x00000000000211fd      0x1de ./Drivers/STM32F4xx_HAL_Driver/Src/stm32f4xx_hal_uart.o
 .debug_macro   0x00000000000213db      0x1de ./Drivers/STM32F4xx_HAL_Driver/Src/stm32f4xx_ll_sdmmc.o
 .debug_macro   0x00000000000215b9      0x324 ./FATFS/App/fatfs.o
 .debug_macro   0x00000000000218dd      0x1f5 ./FATFS/Target/bsp_driver_sd.o
 .debug_macro   0x0000000000021ad2      0x1e6 ./FATFS/Target/fatfs_platform.o
 .debug_macro   0x0000000000021cb8      0x327 ./FATFS/Target/sd_diskio.o
 .debug_macro   0x0000000000021fdf       0x16 ./FATFS/Target/sd_diskio.o
 .debug_macro   0x0000000000021ff5       0x7c ./FATFS/Target/sd_diskio.o
 .debug_macro   0x0000000000022071      0x311 ./Middlewares/Third_Party/FatFs/src/diskio.o
 .debug_macro   0x0000000000022382      0x718 ./Middlewares/Third_Party/FatFs/src/ff.o
 .debug_macro   0x0000000000022a9a       0x58 ./Middlewares/Third_Party/FatFs/src/ff.o
 .debug_macro   0x0000000000022af2      0x311 ./Middlewares/Third_Party/FatFs/src/ff_gen_drv.o

.debug_line     0x0000000000000000    0x146f8
 .debug_line    0x0000000000000000      0x9cf ./Core/Src/NRF24L01.o
 .debug_line    0x00000000000009cf      0xacc ./Core/Src/main.o
 .debug_line    0x000000000000149b      0x7d3 ./Core/Src/stm32f4xx_hal_msp.o
 .debug_line    0x0000000000001c6e      0x7b2 ./Core/Src/stm32f4xx_it.o
 .debug_line    0x0000000000002420      0x759 ./Core/Src/system_stm32f4xx.o
 .debug_line    0x0000000000002b79       0x88 ./Core/Startup/startup_stm32f407vetx.o
 .debug_line    0x0000000000002c01      0x9bf ./Drivers/STM32F4xx_HAL_Driver/Src/stm32f4xx_hal.o
 .debug_line    0x00000000000035c0      0xc6e ./Drivers/STM32F4xx_HAL_Driver/Src/stm32f4xx_hal_cortex.o
 .debug_line    0x000000000000422e      0xf23 ./Drivers/STM32F4xx_HAL_Driver/Src/stm32f4xx_hal_dma.o
 .debug_line    0x0000000000005151      0xb33 ./Drivers/STM32F4xx_HAL_Driver/Src/stm32f4xx_hal_gpio.o
 .debug_line    0x0000000000005c84      0xd39 ./Drivers/STM32F4xx_HAL_Driver/Src/stm32f4xx_hal_rcc.o
 .debug_line    0x00000000000069bd     0x1dec ./Drivers/STM32F4xx_HAL_Driver/Src/stm32f4xx_hal_sd.o
 .debug_line    0x00000000000087a9     0x1c49 ./Drivers/STM32F4xx_HAL_Driver/Src/stm32f4xx_hal_spi.o
 .debug_line    0x000000000000a3f2     0x2a64 ./Drivers/STM32F4xx_HAL_Driver/Src/stm32f4xx_hal_uart.o
 .debug_line    0x000000000000ce56      0xf52 ./Drivers/STM32F4xx_HAL_Driver/Src/stm32f4xx_ll_sdmmc.o
 .debug_line    0x000000000000dda8      0x8e9 ./FATFS/App/fatfs.o
 .debug_line    0x000000000000e691      0x8b9 ./FATFS/Target/bsp_driver_sd.o
 .debug_line    0x000000000000ef4a      0x6ed ./FATFS/Target/fatfs_platform.o
 .debug_line    0x000000000000f637      0x9cd ./FATFS/Target/sd_diskio.o
 .debug_line    0x0000000000010004      0x95a ./Middlewares/Third_Party/FatFs/src/diskio.o
 .debug_line    0x000000000001095e     0x3422 ./Middlewares/Third_Party/FatFs/src/ff.o
 .debug_line    0x0000000000013d80      0x978 ./Middlewares/Third_Party/FatFs/src/ff_gen_drv.o

.debug_str      0x0000000000000000    0xcaaf3
 .debug_str     0x0000000000000000    0xc29b3 ./Core/Src/NRF24L01.o
                                      0xc2cc0 (size before relaxing)
 .debug_str     0x00000000000c29b3     0x3f4f ./Core/Src/main.o
                                      0xc6af0 (size before relaxing)
 .debug_str     0x00000000000c6902      0x5c4 ./Core/Src/stm32f4xx_hal_msp.o
                                      0xc32b0 (size before relaxing)
 .debug_str     0x00000000000c6ec6       0xef ./Core/Src/stm32f4xx_it.o
                                      0xc28c0 (size before relaxing)
 .debug_str     0x00000000000c6fb5       0xdb ./Core/Src/system_stm32f4xx.o
                                      0xc2562 (size before relaxing)
 .debug_str     0x00000000000c7090       0x36 ./Core/Startup/startup_stm32f407vetx.o
                                         0x70 (size before relaxing)
 .debug_str     0x00000000000c70c6      0x5fe ./Drivers/STM32F4xx_HAL_Driver/Src/stm32f4xx_hal.o
                                      0xc30e6 (size before relaxing)
 .debug_str     0x00000000000c76c4      0x32d ./Drivers/STM32F4xx_HAL_Driver/Src/stm32f4xx_hal_cortex.o
                                      0xc2e19 (size before relaxing)
 .debug_str     0x00000000000c79f1      0x31a ./Drivers/STM32F4xx_HAL_Driver/Src/stm32f4xx_hal_dma.o
                                      0xc297c (size before relaxing)
 .debug_str     0x00000000000c7d0b      0x121 ./Drivers/STM32F4xx_HAL_Driver/Src/stm32f4xx_hal_gpio.o
                                      0xc26dd (size before relaxing)
 .debug_str     0x00000000000c7e2c      0x233 ./Drivers/STM32F4xx_HAL_Driver/Src/stm32f4xx_hal_rcc.o
                                      0xc2996 (size before relaxing)
 .debug_str     0x00000000000c805f      0x910 ./Drivers/STM32F4xx_HAL_Driver/Src/stm32f4xx_hal_sd.o
                                      0xc32db (size before relaxing)
 .debug_str     0x00000000000c896f      0x541 ./Drivers/STM32F4xx_HAL_Driver/Src/stm32f4xx_hal_spi.o
                                      0xc2e26 (size before relaxing)
 .debug_str     0x00000000000c8eb0      0x5c6 ./Drivers/STM32F4xx_HAL_Driver/Src/stm32f4xx_hal_uart.o
                                      0xc2f35 (size before relaxing)
 .debug_str     0x00000000000c9476      0x227 ./Drivers/STM32F4xx_HAL_Driver/Src/stm32f4xx_ll_sdmmc.o
                                      0xc29e9 (size before relaxing)
 .debug_str     0x00000000000c969d       0xe0 ./FATFS/App/fatfs.o
                                      0xc5b4f (size before relaxing)
 .debug_str     0x00000000000c977d      0x17b ./FATFS/Target/bsp_driver_sd.o
                                      0xc2c1e (size before relaxing)
 .debug_str     0x00000000000c98f8       0x21 ./FATFS/Target/fatfs_platform.o
                                      0xc24b9 (size before relaxing)
 .debug_str     0x00000000000c9919       0xa0 ./FATFS/Target/sd_diskio.o
                                      0xc5b97 (size before relaxing)
 .debug_str     0x00000000000c99b9       0x57 ./Middlewares/Third_Party/FatFs/src/diskio.o
                                      0xc5a6a (size before relaxing)
 .debug_str     0x00000000000c9a10     0x1052 ./Middlewares/Third_Party/FatFs/src/ff.o
                                      0xc6ccd (size before relaxing)
 .debug_str     0x00000000000caa62       0x91 ./Middlewares/Third_Party/FatFs/src/ff_gen_drv.o
                                      0xc5abb (size before relaxing)

.comment        0x0000000000000000       0x50
 .comment       0x0000000000000000       0x50 ./Core/Src/NRF24L01.o
                                         0x51 (size before relaxing)
 .comment       0x0000000000000050       0x51 ./Core/Src/main.o
 .comment       0x0000000000000050       0x51 ./Core/Src/stm32f4xx_hal_msp.o
 .comment       0x0000000000000050       0x51 ./Core/Src/stm32f4xx_it.o
 .comment       0x0000000000000050       0x51 ./Core/Src/system_stm32f4xx.o
 .comment       0x0000000000000050       0x51 ./Drivers/STM32F4xx_HAL_Driver/Src/stm32f4xx_hal.o
 .comment       0x0000000000000050       0x51 ./Drivers/STM32F4xx_HAL_Driver/Src/stm32f4xx_hal_cortex.o
 .comment       0x0000000000000050       0x51 ./Drivers/STM32F4xx_HAL_Driver/Src/stm32f4xx_hal_dma.o
 .comment       0x0000000000000050       0x51 ./Drivers/STM32F4xx_HAL_Driver/Src/stm32f4xx_hal_gpio.o
 .comment       0x0000000000000050       0x51 ./Drivers/STM32F4xx_HAL_Driver/Src/stm32f4xx_hal_rcc.o
 .comment       0x0000000000000050       0x51 ./Drivers/STM32F4xx_HAL_Driver/Src/stm32f4xx_hal_sd.o
 .comment       0x0000000000000050       0x51 ./Drivers/STM32F4xx_HAL_Driver/Src/stm32f4xx_hal_spi.o
 .comment       0x0000000000000050       0x51 ./Drivers/STM32F4xx_HAL_Driver/Src/stm32f4xx_hal_uart.o
 .comment       0x0000000000000050       0x51 ./Drivers/STM32F4xx_HAL_Driver/Src/stm32f4xx_ll_sdmmc.o
 .comment       0x0000000000000050       0x51 ./FATFS/App/fatfs.o
 .comment       0x0000000000000050       0x51 ./FATFS/Target/bsp_driver_sd.o
 .comment       0x0000000000000050       0x51 ./FATFS/Target/fatfs_platform.o
 .comment       0x0000000000000050       0x51 ./FATFS/Target/sd_diskio.o
 .comment       0x0000000000000050       0x51 ./Middlewares/Third_Party/FatFs/src/diskio.o
 .comment       0x0000000000000050       0x51 ./Middlewares/Third_Party/FatFs/src/ff.o
 .comment       0x0000000000000050       0x51 ./Middlewares/Third_Party/FatFs/src/ff_gen_drv.o

.debug_frame    0x0000000000000000     0x413c
 .debug_frame   0x0000000000000000      0x250 ./Core/Src/NRF24L01.o
 .debug_frame   0x0000000000000250       0xec ./Core/Src/main.o
 .debug_frame   0x000000000000033c      0x110 ./Core/Src/stm32f4xx_hal_msp.o
 .debug_frame   0x000000000000044c      0x120 ./Core/Src/stm32f4xx_it.o
 .debug_frame   0x000000000000056c       0x58 ./Core/Src/system_stm32f4xx.o
 .debug_frame   0x00000000000005c4      0x374 ./Drivers/STM32F4xx_HAL_Driver/Src/stm32f4xx_hal.o
 .debug_frame   0x0000000000000938      0x498 ./Drivers/STM32F4xx_HAL_Driver/Src/stm32f4xx_hal_cortex.o
 .debug_frame   0x0000000000000dd0      0x250 ./Drivers/STM32F4xx_HAL_Driver/Src/stm32f4xx_hal_dma.o
 .debug_frame   0x0000000000001020      0x14c ./Drivers/STM32F4xx_HAL_Driver/Src/stm32f4xx_hal_gpio.o
 .debug_frame   0x000000000000116c      0x1f4 ./Drivers/STM32F4xx_HAL_Driver/Src/stm32f4xx_hal_rcc.o
 .debug_frame   0x0000000000001360      0x650 ./Drivers/STM32F4xx_HAL_Driver/Src/stm32f4xx_hal_sd.o
 .debug_frame   0x00000000000019b0      0x824 ./Drivers/STM32F4xx_HAL_Driver/Src/stm32f4xx_hal_spi.o
 .debug_frame   0x00000000000021d4      0x92c ./Drivers/STM32F4xx_HAL_Driver/Src/stm32f4xx_hal_uart.o
 .debug_frame   0x0000000000002b00      0x6d0 ./Drivers/STM32F4xx_HAL_Driver/Src/stm32f4xx_ll_sdmmc.o
 .debug_frame   0x00000000000031d0       0x4c ./FATFS/App/fatfs.o
 .debug_frame   0x000000000000321c      0x258 ./FATFS/Target/bsp_driver_sd.o
 .debug_frame   0x0000000000003474       0x34 ./FATFS/Target/fatfs_platform.o
 .debug_frame   0x00000000000034a8       0xe8 ./FATFS/Target/sd_diskio.o
 .debug_frame   0x0000000000003590       0xec ./Middlewares/Third_Party/FatFs/src/diskio.o
 .debug_frame   0x000000000000367c      0x94c ./Middlewares/Third_Party/FatFs/src/ff.o
 .debug_frame   0x0000000000003fc8       0xc8 ./Middlewares/Third_Party/FatFs/src/ff_gen_drv.o
 .debug_frame   0x0000000000004090       0x2c c:/st/stm32cubeide_1.12.1/stm32cubeide/plugins/com.st.stm32cube.ide.mcu.externaltools.gnu-tools-for-stm32.10.3-2021.10.win32_1.0.200.202301161003/tools/bin/../lib/gcc/arm-none-eabi/10.3.1/../../../../arm-none-eabi/lib/thumb/v7e-m+fp/hard\libc_nano.a(lib_a-init.o)
 .debug_frame   0x00000000000040bc       0x20 c:/st/stm32cubeide_1.12.1/stm32cubeide/plugins/com.st.stm32cube.ide.mcu.externaltools.gnu-tools-for-stm32.10.3-2021.10.win32_1.0.200.202301161003/tools/bin/../lib/gcc/arm-none-eabi/10.3.1/../../../../arm-none-eabi/lib/thumb/v7e-m+fp/hard\libc_nano.a(lib_a-memset.o)
 .debug_frame   0x00000000000040dc       0x2c c:/st/stm32cubeide_1.12.1/stm32cubeide/plugins/com.st.stm32cube.ide.mcu.externaltools.gnu-tools-for-stm32.10.3-2021.10.win32_1.0.200.202301161003/tools/bin/../lib/gcc/arm-none-eabi/10.3.1/thumb/v7e-m+fp/hard\libgcc.a(_aeabi_uldivmod.o)
 .debug_frame   0x0000000000004108       0x34 c:/st/stm32cubeide_1.12.1/stm32cubeide/plugins/com.st.stm32cube.ide.mcu.externaltools.gnu-tools-for-stm32.10.3-2021.10.win32_1.0.200.202301161003/tools/bin/../lib/gcc/arm-none-eabi/10.3.1/thumb/v7e-m+fp/hard\libgcc.a(_udivmoddi4.o)
