18:31:37 **** Incremental Build of configuration Debug for project Nucleo_Receive ****
make -j16 all 
arm-none-eabi-gcc "../Core/Src/main.c" -mcpu=cortex-m4 -std=gnu11 -g3 -DDEBUG -DUSE_HAL_DRIVER -DSTM32F401xE -c -I../Core/Inc -I../Drivers/STM32F4xx_HAL_Driver/Inc -I../Drivers/STM32F4xx_HAL_Driver/Inc/Legacy -I../Drivers/CMSIS/Device/ST/STM32F4xx/Include -I../Drivers/CMSIS/Include -O0 -ffunction-sections -fdata-sections -Wall -fstack-usage -fcyclomatic-complexity -MMD -MP -MF"Core/Src/main.d" -MT"Core/Src/main.o" --specs=nano.specs -mfpu=fpv4-sp-d16 -mfloat-abi=hard -mthumb -o "Core/Src/main.o"
arm-none-eabi-gcc -o "Nucleo_Receive.elf" @"objects.list"   -mcpu=cortex-m4 -T"C:\Users\sande\STM32CubeIDE\Nucleo_Receive\Nucleo_Receive\STM32F401RETX_FLASH.ld" --specs=nosys.specs -Wl,-Map="Nucleo_Receive.map" -Wl,--gc-sections -static --specs=nano.specs -mfpu=fpv4-sp-d16 -mfloat-abi=hard -mthumb -Wl,--start-group -lc -lm -Wl,--end-group
Finished building target: Nucleo_Receive.elf
 
arm-none-eabi-size   Nucleo_Receive.elf 
arm-none-eabi-objdump -h -S  Nucleo_Receive.elf  > "Nucleo_Receive.list"
   text	   data	    bss	    dec	    hex	filename
  12356	     28	   2132	  14516	   38b4	Nucleo_Receive.elf
Finished building: default.size.stdout
 
Finished building: Nucleo_Receive.list
 
18:31:53 **** Incremental Build of configuration Debug for project Nucleo_Receive ****
make -j16 all 
arm-none-eabi-size   Nucleo_Receive.elf 
   text	   data	    bss	    dec	    hex	filename
  12356	     28	   2132	  14516	   38b4	Nucleo_Receive.elf
Finished building: default.size.stdout
 
18:38:24 **** Incremental Build of configuration Debug for project Nucleo_Receive ****
make -j16 all 
arm-none-eabi-gcc "../Core/Src/main.c" -mcpu=cortex-m4 -std=gnu11 -g3 -DDEBUG -DUSE_HAL_DRIVER -DSTM32F401xE -c -I../Core/Inc -I../Drivers/STM32F4xx_HAL_Driver/Inc -I../Drivers/STM32F4xx_HAL_Driver/Inc/Legacy -I../Drivers/CMSIS/Device/ST/STM32F4xx/Include -I../Drivers/CMSIS/Include -O0 -ffunction-sections -fdata-sections -Wall -fstack-usage -fcyclomatic-complexity -MMD -MP -MF"Core/Src/main.d" -MT"Core/Src/main.o" --specs=nano.specs -mfpu=fpv4-sp-d16 -mfloat-abi=hard -mthumb -o "Core/Src/main.o"
arm-none-eabi-gcc -o "Nucleo_Receive.elf" @"objects.list"   -mcpu=cortex-m4 -T"C:\Users\sande\STM32CubeIDE\Nucleo_Receive\Nucleo_Receive\STM32F401RETX_FLASH.ld" --specs=nosys.specs -Wl,-Map="Nucleo_Receive.map" -Wl,--gc-sections -static --specs=nano.specs -mfpu=fpv4-sp-d16 -mfloat-abi=hard -mthumb -Wl,--start-group -lc -lm -Wl,--end-group
Finished building target: Nucleo_Receive.elf
 
arm-none-eabi-size   Nucleo_Receive.elf 
arm-none-eabi-objdump -h -S  Nucleo_Receive.elf  > "Nucleo_Receive.list"
   text	   data	    bss	    dec	    hex	filename
  12356	     28	   1812	  14196	   3774	Nucleo_Receive.elf
Finished building: default.size.stdout
 
Finished building: Nucleo_Receive.list
 
18:43:46 **** Incremental Build of configuration Debug for project Nucleo_Receive ****
make -j16 all 
arm-none-eabi-size   Nucleo_Receive.elf 
   text	   data	    bss	    dec	    hex	filename
  12356	     28	   1812	  14196	   3774	Nucleo_Receive.elf
Finished building: default.size.stdout
 
